{"timestamp":"2026-08-21T07:26:52.302Z","level":"error","service":"forum-api","event":"http.request.aborted","requestId":"3c4d2ba0-4357-4bfa-aa31-d24f99de98d3","method":"GET","area":"notifications","statusCode":200,"durationMs":8}
{"timestamp":"2026-08-21T15:02:17.201Z","level":"error","service":"forum-api","event":"http.request.failed","requestId":"c48fc54e-05ac-48b1-9f13-afee7af90139","errorName":"error","errorCode":"23502"}
{"timestamp":"2026-08-21T15:02:17.202Z","level":"error","service":"forum-api","event":"http.request.completed","requestId":"c48fc54e-05ac-48b1-9f13-afee7af90139","method":"DELETE","area":"admin","statusCode":500,"durationMs":19}
{"timestamp":"2026-08-21T15:02:26.522Z","level":"error","service":"forum-api","event":"http.request.failed","requestId":"b49f8760-0909-4e9c-854f-b971a125ae92","errorName":"error","errorCode":"23502"}
{"timestamp":"2026-08-21T15:02:26.523Z","level":"error","service":"forum-api","event":"http.request.completed","requestId":"b49f8760-0909-4e9c-854f-b971a125ae92","method":"DELETE","area":"admin","statusCode":500,"durationMs":25}
{"timestamp":"2026-08-21T15:02:37.179Z","level":"error","service":"forum-api","event":"http.request.failed","requestId":"8595dda6-a386-427f-88a1-0921651f9c43","errorName":"error","errorCode":"23502"}
{"timestamp":"2026-08-21T15:02:37.180Z","level":"error","service":"forum-api","event":"http.request.completed","requestId":"8595dda6-a386-427f-88a1-0921651f9c43","method":"DELETE","area":"admin","statusCode":500,"durationMs":11}
{"timestamp":"2026-08-21T15:04:17.485Z","level":"error","service":"forum-api","event":"http.request.failed","requestId":"d9bad561-0e1d-4400-b156-f7957d6dfeca","errorName":"error","errorCode":"23502"}
{"timestamp":"2026-08-21T15:04:17.485Z","level":"error","service":"forum-api","event":"http.request.completed","requestId":"d9bad561-0e1d-4400-b156-f7957d6dfeca","method":"DELETE","area":"admin","statusCode":500,"durationMs":12}
{"timestamp":"2026-08-21T15:10:28.403Z","level":"error","service":"forum-api","event":"http.request.failed","requestId":"f3468dfe-6ff0-46cc-a2fe-52df87a8cb7b","errorName":"error","errorCode":"23502"}
{"timestamp":"2026-08-21T15:10:28.403Z","level":"error","service":"forum-api","event":"http.request.completed","requestId":"f3468dfe-6ff0-46cc-a2fe-52df87a8cb7b","method":"DELETE","area":"admin","statusCode":500,"durationMs":10}
{"timestamp":"2026-08-21T15:10:53.757Z","level":"error","service":"forum-api","event":"http.request.failed","requestId":"d9fd1db9-cf73-480e-b118-45551c846865","errorName":"error","errorCode":"23502"}
{"timestamp":"2026-08-21T15:10:53.757Z","level":"error","service":"forum-api","event":"http.request.completed","requestId":"d9fd1db9-cf73-480e-b118-45551c846865","method":"DELETE","area":"admin","statusCode":500,"durationMs":11}
{"timestamp":"2026-08-21T15:18:26.879Z","level":"error","service":"forum-api","event":"http.request.failed","requestId":"7658f844-24c5-43ea-beb3-e7be170784e8","errorName":"error","errorCode":"23502"}
{"timestamp":"2026-08-21T15:18:26.879Z","level":"error","service":"forum-api","event":"http.request.completed","requestId":"7658f844-24c5-43ea-beb3-e7be170784e8","method":"DELETE","area":"admin","statusCode":500,"durationMs":12}
{"timestamp":"2026-08-21T15:21:24.771Z","level":"error","service":"forum-api","event":"http.request.failed","requestId":"e622fef2-6b1c-4cc1-ade5-68c38dfbb59b","errorName":"error","errorCode":"23502"}
{"timestamp":"2026-08-21T15:21:24.771Z","level":"error","service":"forum-api","event":"http.request.completed","requestId":"e622fef2-6b1c-4cc1-ade5-68c38dfbb59b","method":"DELETE","area":"admin","statusCode":500,"durationMs":13}
{"timestamp":"2026-08-21T16:47:02.419Z","level":"error","service":"forum-api","event":"http.request.aborted","requestId":"8da3ed93-30af-42b5-9986-e50884a44cda","method":"GET","area":"direct_messages","statusCode":200,"durationMs":17}
{"timestamp":"2026-08-21T23:54:01.849Z","level":"error","service":"forum-api","event":"http.request.failed","requestId":"6b057e28-da5b-4994-af0a-6007d42986b8","errorName":"error","errorCode":"42883"}
{"timestamp":"2026-08-21T23:54:01.849Z","level":"error","service":"forum-api","event":"http.request.completed","requestId":"6b057e28-da5b-4994-af0a-6007d42986b8","method":"POST","area":"direct_messages","statusCode":500,"durationMs":13}
{"timestamp":"2026-08-22T07:33:52.718Z","level":"error","service":"forum-api","event":"http.request.aborted","requestId":"63535f56-32fe-423e-adad-aa5c24606a40","method":"GET","area":"static","statusCode":200,"durationMs":9}
{"timestamp":"2026-08-22T12:28:21.710Z","level":"error","service":"forum-api","event":"http.request.completed","requestId":"7df41891-13e8-4516-b060-6ee3a6ef44a3","method":"GET","area":"notifications","statusCode":503,"durationMs":3}
{"timestamp":"2026-08-22T12:28:21.710Z","level":"error","service":"forum-api","event":"http.request.completed","requestId":"8571f32d-2508-463e-82eb-ef0b1e1e5884","method":"GET","area":"direct_messages","statusCode":503,"durationMs":2}
{"timestamp":"2026-08-22T12:28:25.913Z","level":"error","service":"forum-api","event":"http.request.completed","requestId":"ec75f892-3479-4cc4-ab9d-1a67a94949cb","method":"GET","area":"notifications","statusCode":503,"durationMs":2}
{"timestamp":"2026-08-22T12:28:25.913Z","level":"error","service":"forum-api","event":"http.request.completed","requestId":"fd9c7845-bdcd-4026-9318-bdfbc5f20429","method":"GET","area":"direct_messages","statusCode":503,"durationMs":2}
{"timestamp":"2026-08-22T12:28:29.751Z","level":"error","service":"forum-api","event":"http.request.completed","requestId":"a485060f-37bf-4612-b1f4-a611a48456f5","method":"GET","area":"direct_messages","statusCode":503,"durationMs":2}
{"timestamp":"2026-08-22T12:28:29.751Z","level":"error","service":"forum-api","event":"http.request.completed","requestId":"d13066bc-25ea-424f-829a-f2b943050c8c","method":"GET","area":"notifications","statusCode":503,"durationMs":2}
{"timestamp":"2026-08-22T12:28:36.841Z","level":"error","service":"forum-api","event":"http.request.completed","requestId":"468581b5-8b4c-4b30-adee-9eca687021ce","method":"GET","area":"notifications","statusCode":503,"durationMs":3}
{"timestamp":"2026-08-22T12:28:36.841Z","level":"error","service":"forum-api","event":"http.request.completed","requestId":"e4f02d73-e8d0-4f49-9841-b1597860f36a","method":"GET","area":"direct_messages","statusCode":503,"durationMs":2}
{"timestamp":"2026-08-22T12:28:40.567Z","level":"error","service":"forum-api","event":"http.request.completed","requestId":"d6e100f3-31aa-4a94-9f00-cf9c2594f30b","method":"GET","area":"static","statusCode":503,"durationMs":7}
{"timestamp":"2026-08-22T12:28:42.123Z","level":"error","service":"forum-api","event":"http.request.completed","requestId":"54b06f04-1128-46e0-b8e9-b90a42789114","method":"GET","area":"notifications","statusCode":503,"durationMs":2}
{"timestamp":"2026-08-22T12:28:42.124Z","level":"error","service":"forum-api","event":"http.request.completed","requestId":"33b7b724-934a-4a20-a9b8-d6c786fdb8b4","method":"GET","area":"direct_messages","statusCode":503,"durationMs":2}
{"timestamp":"2026-08-22T12:28:47.254Z","level":"error","service":"forum-api","event":"http.request.completed","requestId":"26374199-aa1f-41f4-bfc3-93a8c817749e","method":"GET","area":"notifications","statusCode":503,"durationMs":2}
{"timestamp":"2026-08-22T12:28:47.255Z","level":"error","service":"forum-api","event":"http.request.completed","requestId":"de560abd-186e-442f-9967-934ab32af170","method":"GET","area":"direct_messages","statusCode":503,"durationMs":2}
{"timestamp":"2026-08-22T12:28:52.681Z","level":"error","service":"forum-api","event":"http.request.completed","requestId":"ee6c48ff-14a6-41dc-9e7a-4d8e101e91cf","method":"GET","area":"static","statusCode":503,"durationMs":9}
{"timestamp":"2026-08-22T12:28:54.627Z","level":"error","service":"forum-api","event":"http.request.completed","requestId":"bf083abf-c61d-4cc6-b38e-023eda5e5bc2","method":"GET","area":"notifications","statusCode":503,"durationMs":3}
{"timestamp":"2026-08-22T12:28:54.627Z","level":"error","service":"forum-api","event":"http.request.completed","requestId":"586a07d2-73f1-4c82-b8ef-c25e0bc7e031","method":"GET","area":"direct_messages","statusCode":503,"durationMs":2}
{"timestamp":"2026-08-22T12:29:02.496Z","level":"error","service":"forum-api","event":"http.request.completed","requestId":"479f42b0-19cc-4ecd-93c9-73615bec4074","method":"GET","area":"notifications","statusCode":503,"durationMs":3}
{"timestamp":"2026-08-22T12:29:02.496Z","level":"error","service":"forum-api","event":"http.request.completed","requestId":"669377e9-b0cd-465d-bae7-97b5a6dfbaf1","method":"GET","area":"direct_messages","statusCode":503,"durationMs":2}
{"timestamp":"2026-08-22T12:29:08.524Z","level":"error","service":"forum-api","event":"http.request.completed","requestId":"97c796bc-a73e-45ea-b5be-fc68bb527ad7","method":"GET","area":"notifications","statusCode":503,"durationMs":2}
{"timestamp":"2026-08-22T12:29:08.525Z","level":"error","service":"forum-api","event":"http.request.completed","requestId":"bc4147aa-23cc-477c-a5b2-476dcd0a05e6","method":"GET","area":"direct_messages","statusCode":503,"durationMs":3}
{"timestamp":"2026-08-22T12:29:13.181Z","level":"error","service":"forum-api","event":"http.request.completed","requestId":"41324831-9014-4b90-a816-b422681d36cd","method":"GET","area":"notifications","statusCode":503,"durationMs":3}
{"timestamp":"2026-08-22T12:29:13.181Z","level":"error","service":"forum-api","event":"http.request.completed","requestId":"0b60d6a0-8554-461e-a9b9-39a6aa3f8939","method":"GET","area":"direct_messages","statusCode":503,"durationMs":1}
{"timestamp":"2026-08-22T12:29:16.614Z","level":"error","service":"forum-api","event":"http.request.completed","requestId":"8a21879d-f94c-48b3-a3d8-c0263caa8a7d","method":"GET","area":"direct_messages","statusCode":503,"durationMs":2}
{"timestamp":"2026-08-22T12:29:16.614Z","level":"error","service":"forum-api","event":"http.request.completed","requestId":"8209e822-a001-4712-9964-b10f1e2d3090","method":"GET","area":"notifications","statusCode":503,"durationMs":2}
{"timestamp":"2026-08-22T12:29:23.264Z","level":"error","service":"forum-api","event":"http.request.completed","requestId":"6d173cac-967c-4ee7-bd12-c121a6ae3692","method":"GET","area":"direct_messages","statusCode":503,"durationMs":2}
{"timestamp":"2026-08-22T12:29:23.265Z","level":"error","service":"forum-api","event":"http.request.completed","requestId":"4bef39ab-f49b-41e1-9b36-849b10dc107a","method":"GET","area":"notifications","statusCode":503,"durationMs":3}
{"timestamp":"2026-08-22T12:29:30.251Z","level":"error","service":"forum-api","event":"http.request.completed","requestId":"7188d336-2bbe-444a-9729-f5e76e0ac124","method":"GET","area":"notifications","statusCode":503,"durationMs":1}
{"timestamp":"2026-08-22T12:29:30.251Z","level":"error","service":"forum-api","event":"http.request.completed","requestId":"b2d577fe-a642-4b48-8bf5-cb20cd4604ce","method":"GET","area":"direct_messages","statusCode":503,"durationMs":2}
{"timestamp":"2026-08-22T12:29:34.178Z","level":"error","service":"forum-api","event":"http.request.completed","requestId":"6046cc8d-46fd-43f4-8788-fc09602df5bc","method":"GET","area":"notifications","statusCode":503,"durationMs":1}
{"timestamp":"2026-08-22T12:29:34.179Z","level":"error","service":"forum-api","event":"http.request.completed","requestId":"648c9838-0050-4d5e-8aa9-c39b49638a01","method":"GET","area":"direct_messages","statusCode":503,"durationMs":2}
{"timestamp":"2026-08-22T12:29:38.478Z","level":"error","service":"forum-api","event":"http.request.completed","requestId":"430ec94d-609c-4e48-9217-0e8fd8de2f78","method":"GET","area":"notifications","statusCode":503,"durationMs":2}
{"timestamp":"2026-08-22T12:29:38.478Z","level":"error","service":"forum-api","event":"http.request.completed","requestId":"241f99e2-9f1a-451b-91ef-e304a9bbd7ab","method":"GET","area":"direct_messages","statusCode":503,"durationMs":1}
{"timestamp":"2026-08-22T12:29:42.198Z","level":"error","service":"forum-api","event":"http.request.completed","requestId":"750b30e9-9e6b-4f12-a657-f1c82fbd88cd","method":"GET","area":"notifications","statusCode":503,"durationMs":2}
{"timestamp":"2026-08-22T12:29:42.198Z","level":"error","service":"forum-api","event":"http.request.completed","requestId":"075b0222-b781-4923-8007-902924f02b6e","method":"GET","area":"direct_messages","statusCode":503,"durationMs":3}
{"timestamp":"2026-08-22T12:29:50.135Z","level":"error","service":"forum-api","event":"http.request.completed","requestId":"edb3a04c-1ded-4806-b3c1-cc0c015b707c","method":"GET","area":"notifications","statusCode":503,"durationMs":2}
{"timestamp":"2026-08-22T12:29:50.135Z","level":"error","service":"forum-api","event":"http.request.completed","requestId":"e6393dc8-cb50-47b6-8426-852249c04986","method":"GET","area":"direct_messages","statusCode":503,"durationMs":2}
{"timestamp":"2026-08-22T12:29:54.747Z","level":"error","service":"forum-api","event":"http.request.completed","requestId":"6402d596-c86c-4e79-bca2-f2106e0b1b9a","method":"GET","area":"notifications","statusCode":503,"durationMs":3}
{"timestamp":"2026-08-22T12:29:54.747Z","level":"error","service":"forum-api","event":"http.request.completed","requestId":"f014488a-12eb-4515-8631-f7683bf94e78","method":"GET","area":"direct_messages","statusCode":503,"durationMs":3}
{"timestamp":"2026-08-22T12:30:02.566Z","level":"error","service":"forum-api","event":"http.request.completed","requestId":"10eea6d5-a043-4542-929d-54a80f68aa20","method":"GET","area":"notifications","statusCode":503,"durationMs":13}
{"timestamp":"2026-08-22T12:30:02.587Z","level":"error","service":"forum-api","event":"http.request.completed","requestId":"90be5ec0-0f38-4e1f-a0fa-e2728eef3153","method":"GET","area":"direct_messages","statusCode":503,"durationMs":32}
{"timestamp":"2026-08-22T12:30:08.136Z","level":"error","service":"forum-api","event":"http.request.completed","requestId":"5325971e-a58a-4046-a5b6-61656a0555e8","method":"GET","area":"static","statusCode":503,"durationMs":7}
{"timestamp":"2026-08-22T12:30:09.810Z","level":"error","service":"forum-api","event":"http.request.completed","requestId":"864bb2ed-feab-493e-b831-e0e6a2d2e8b3","method":"GET","area":"notifications","statusCode":503,"durationMs":2}
{"timestamp":"2026-08-22T12:30:09.810Z","level":"error","service":"forum-api","event":"http.request.completed","requestId":"250901ed-2e7c-4f8e-b1f6-1afcf433248f","method":"GET","area":"direct_messages","statusCode":503,"durationMs":2}
{"timestamp":"2026-08-22T12:30:17.872Z","level":"error","service":"forum-api","event":"http.request.completed","requestId":"cb50d7ca-b727-4558-85a1-138f5d51fd33","method":"GET","area":"direct_messages","statusCode":503,"durationMs":2}
{"timestamp":"2026-08-22T12:30:17.873Z","level":"error","service":"forum-api","event":"http.request.completed","requestId":"ec7aed2d-dd2e-49bc-8bf7-aec61bba641b","method":"GET","area":"notifications","statusCode":503,"durationMs":2}
{"timestamp":"2026-08-22T12:30:24.130Z","level":"error","service":"forum-api","event":"http.request.completed","requestId":"aa04dd29-91e9-4735-870c-2d57b2ce642d","method":"GET","area":"static","statusCode":503,"durationMs":7}
{"timestamp":"2026-08-22T12:30:24.926Z","level":"error","service":"forum-api","event":"http.request.completed","requestId":"bcfc09e4-289a-4d32-9533-b038d7ab1813","method":"GET","area":"notifications","statusCode":503,"durationMs":2}
{"timestamp":"2026-08-22T12:30:24.927Z","level":"error","service":"forum-api","event":"http.request.completed","requestId":"6ab71c67-a857-4432-9ba2-b78d29eb31c2","method":"GET","area":"direct_messages","statusCode":503,"durationMs":2}
{"timestamp":"2026-08-22T12:30:30.981Z","level":"error","service":"forum-api","event":"http.request.completed","requestId":"58aea76b-7000-4f13-b34f-72b2f0d1ac46","method":"GET","area":"notifications","statusCode":503,"durationMs":2}
{"timestamp":"2026-08-22T12:30:30.981Z","level":"error","service":"forum-api","event":"http.request.completed","requestId":"794406f0-6633-40a6-bbb2-535a151b6400","method":"GET","area":"direct_messages","statusCode":503,"durationMs":1}
{"timestamp":"2026-08-22T12:30:36.086Z","level":"error","service":"forum-api","event":"http.request.completed","requestId":"88078d88-ac85-4fe0-8923-672aeaf9c0cb","method":"GET","area":"notifications","statusCode":503,"durationMs":1}
{"timestamp":"2026-08-22T12:30:36.086Z","level":"error","service":"forum-api","event":"http.request.completed","requestId":"218a0f58-6fb7-4ca8-bef3-8481f579824d","method":"GET","area":"direct_messages","statusCode":503,"durationMs":2}
{"timestamp":"2026-08-22T12:30:40.191Z","level":"error","service":"forum-api","event":"http.request.completed","requestId":"08ca24cd-9d8e-40ee-a627-5581a918a2e5","method":"GET","area":"notifications","statusCode":503,"durationMs":2}
{"timestamp":"2026-08-22T12:30:40.191Z","level":"error","service":"forum-api","event":"http.request.completed","requestId":"5af371ea-eb21-465e-a863-c5a8d14ab12a","method":"GET","area":"direct_messages","statusCode":503,"durationMs":1}
{"timestamp":"2026-08-22T12:30:44.843Z","level":"error","service":"forum-api","event":"http.request.completed","requestId":"f3d37365-9a0d-4cc3-b835-4fe9cee7c23d","method":"GET","area":"notifications","statusCode":503,"durationMs":1}
{"timestamp":"2026-08-22T12:30:44.844Z","level":"error","service":"forum-api","event":"http.request.completed","requestId":"465332aa-8d02-44ee-ba68-59eaeaaadf61","method":"GET","area":"direct_messages","statusCode":503,"durationMs":2}
{"timestamp":"2026-08-22T12:30:52.867Z","level":"error","service":"forum-api","event":"http.request.completed","requestId":"063b0a71-17da-4ccd-8555-d83e9024ae14","method":"GET","area":"notifications","statusCode":503,"durationMs":2}
{"timestamp":"2026-08-22T12:30:52.868Z","level":"error","service":"forum-api","event":"http.request.completed","requestId":"e095bd1f-99f1-42e0-a6e3-199a6c397834","method":"GET","area":"direct_messages","statusCode":503,"durationMs":2}
{"timestamp":"2026-08-22T12:30:57.119Z","level":"error","service":"forum-api","event":"http.request.completed","requestId":"0cfd895e-c7de-42b1-b768-dfca03bb2d3b","method":"GET","area":"notifications","statusCode":503,"durationMs":2}
{"timestamp":"2026-08-22T12:30:57.119Z","level":"error","service":"forum-api","event":"http.request.completed","requestId":"29aec442-95f4-4711-8f1b-0df784d57eb8","method":"GET","area":"direct_messages","statusCode":503,"durationMs":1}
{"timestamp":"2026-08-22T12:31:02.550Z","level":"error","service":"forum-api","event":"http.request.completed","requestId":"cadf2fea-3976-43e0-a959-3e55871b504d","method":"GET","area":"notifications","statusCode":503,"durationMs":2}
{"timestamp":"2026-08-22T12:31:02.550Z","level":"error","service":"forum-api","event":"http.request.completed","requestId":"2f6dd11b-efd0-4b5c-b57a-f64a80e3e6f6","method":"GET","area":"direct_messages","statusCode":503,"durationMs":2}
{"timestamp":"2026-08-22T12:31:10.386Z","level":"error","service":"forum-api","event":"http.request.completed","requestId":"fee7900f-92d0-4db7-8399-d18457b06337","method":"GET","area":"notifications","statusCode":503,"durationMs":2}
{"timestamp":"2026-08-22T12:31:10.386Z","level":"error","service":"forum-api","event":"http.request.completed","requestId":"4014a338-3c04-48c5-b826-9fcae96a90de","method":"GET","area":"direct_messages","statusCode":503,"durationMs":2}
{"timestamp":"2026-08-22T12:31:17.293Z","level":"error","service":"forum-api","event":"http.request.completed","requestId":"7563c07c-8e11-44f2-9610-65c3a9348ddc","method":"GET","area":"notifications","statusCode":503,"durationMs":3}
{"timestamp":"2026-08-22T12:31:17.294Z","level":"error","service":"forum-api","event":"http.request.completed","requestId":"570af47c-749e-47b6-a8a3-9a334ab73db8","method":"GET","area":"direct_messages","statusCode":503,"durationMs":3}
{"timestamp":"2026-08-22T12:31:24.336Z","level":"error","service":"forum-api","event":"http.request.completed","requestId":"f7fad1ef-70dd-4f61-95d6-fe44e9b5e645","method":"GET","area":"notifications","statusCode":503,"durationMs":3}
{"timestamp":"2026-08-22T12:31:24.336Z","level":"error","service":"forum-api","event":"http.request.completed","requestId":"cb7a25ab-7027-4b90-84ed-5ca53d87e96c","method":"GET","area":"direct_messages","statusCode":503,"durationMs":2}
{"timestamp":"2026-08-22T12:31:30.833Z","level":"error","service":"forum-api","event":"http.request.completed","requestId":"d6178729-388f-466e-bd8c-ceac25ba87b7","method":"GET","area":"notifications","statusCode":503,"durationMs":2}
{"timestamp":"2026-08-22T12:31:30.833Z","level":"error","service":"forum-api","event":"http.request.completed","requestId":"e6b33bc6-391c-477e-907f-1c00a6bf7a8c","method":"GET","area":"direct_messages","statusCode":503,"durationMs":1}
{"timestamp":"2026-08-22T12:31:36.999Z","level":"error","service":"forum-api","event":"http.request.completed","requestId":"a868edc9-3c05-46c4-9338-0a2b241c817d","method":"GET","area":"static","statusCode":503,"durationMs":7}
{"timestamp":"2026-08-22T12:31:37.250Z","level":"error","service":"forum-api","event":"http.request.completed","requestId":"2041b664-7550-49cd-9762-45f4d1a21cad","method":"GET","area":"notifications","statusCode":503,"durationMs":2}
{"timestamp":"2026-08-22T12:31:37.250Z","level":"error","service":"forum-api","event":"http.request.completed","requestId":"94aec8d5-b3b2-4e6e-8c69-ace65739809b","method":"GET","area":"direct_messages","statusCode":503,"durationMs":2}
{"timestamp":"2026-08-22T12:31:42.135Z","level":"error","service":"forum-api","event":"http.request.completed","requestId":"07465841-df8d-4a07-b18b-ecdd84c98989","method":"GET","area":"static","statusCode":503,"durationMs":7}
{"timestamp":"2026-08-22T12:31:45.006Z","level":"error","service":"forum-api","event":"http.request.completed","requestId":"7a4255c1-b473-430b-a0a4-f468e824a637","method":"GET","area":"notifications","statusCode":503,"durationMs":2}
{"timestamp":"2026-08-22T12:31:45.006Z","level":"error","service":"forum-api","event":"http.request.completed","requestId":"b62aca57-0feb-4e76-8891-c6debac28571","method":"GET","area":"direct_messages","statusCode":503,"durationMs":2}
{"timestamp":"2026-08-22T12:31:49.613Z","level":"error","service":"forum-api","event":"http.request.completed","requestId":"68fe09f3-5605-429b-adf8-82778bc610d7","method":"GET","area":"notifications","statusCode":503,"durationMs":2}
{"timestamp":"2026-08-22T12:31:49.614Z","level":"error","service":"forum-api","event":"http.request.completed","requestId":"35914e2a-26be-496c-b526-d6b7081efd61","method":"GET","area":"direct_messages","statusCode":503,"durationMs":2}
{"timestamp":"2026-08-22T12:33:24.773Z","level":"error","service":"forum-api","event":"http.request.completed","requestId":"266763db-cd12-45c1-836f-f50d421538bc","method":"GET","area":"direct_messages","statusCode":503,"durationMs":2}
{"timestamp":"2026-08-22T12:33:24.773Z","level":"error","service":"forum-api","event":"http.request.completed","requestId":"715ccf3e-d553-41e7-ab6c-3584f44f3ae1","method":"GET","area":"notifications","statusCode":503,"durationMs":2}
{"timestamp":"2026-08-22T12:33:31.452Z","level":"error","service":"forum-api","event":"http.request.completed","requestId":"78896038-4ba0-4d39-9888-7cce89b368be","method":"GET","area":"notifications","statusCode":503,"durationMs":1}
{"timestamp":"2026-08-22T12:33:31.454Z","level":"error","service":"forum-api","event":"http.request.completed","requestId":"57f0d991-0ff5-40ae-bc36-9c797e1a0021","method":"GET","area":"direct_messages","statusCode":503,"durationMs":2}
{"timestamp":"2026-08-22T12:33:34.696Z","level":"error","service":"forum-api","event":"http.request.completed","requestId":"9367c124-0613-4025-ba26-1556d33bf9ea","method":"GET","area":"direct_messages","statusCode":503,"durationMs":1}
{"timestamp":"2026-08-22T12:33:34.697Z","level":"error","service":"forum-api","event":"http.request.completed","requestId":"90863bf4-c4b9-4c65-a758-7e4f1a753db5","method":"GET","area":"notifications","statusCode":503,"durationMs":3}
{"timestamp":"2026-08-22T12:33:40.901Z","level":"error","service":"forum-api","event":"http.request.completed","requestId":"5bca9685-eafc-42cc-8163-1b6b6b1429c7","method":"GET","area":"notifications","statusCode":503,"durationMs":1}
{"timestamp":"2026-08-22T12:33:40.902Z","level":"error","service":"forum-api","event":"http.request.completed","requestId":"41d6eeb9-90f9-4aff-a588-9c8e833d1149","method":"GET","area":"direct_messages","statusCode":503,"durationMs":1}
{"timestamp":"2026-08-22T12:33:45.334Z","level":"error","service":"forum-api","event":"http.request.completed","requestId":"e0988101-a4c5-4a1f-8b13-b49875255d76","method":"GET","area":"direct_messages","statusCode":503,"durationMs":2}
{"timestamp":"2026-08-22T12:33:45.335Z","level":"error","service":"forum-api","event":"http.request.completed","requestId":"4fe8446c-7e40-4d36-8130-d6ee8eb1a1b3","method":"GET","area":"notifications","statusCode":503,"durationMs":3}
{"timestamp":"2026-08-22T12:33:47.500Z","level":"error","service":"forum-api","event":"http.request.completed","requestId":"ed4d0abb-8541-4238-8151-84c8d875f004","method":"GET","area":"notifications","statusCode":503,"durationMs":2}
{"timestamp":"2026-08-22T12:33:47.500Z","level":"error","service":"forum-api","event":"http.request.completed","requestId":"4dfd6bf2-4736-4c64-8281-b063ffc78d27","method":"GET","area":"direct_messages","statusCode":503,"durationMs":1}
{"timestamp":"2026-08-22T12:33:51.623Z","level":"error","service":"forum-api","event":"http.request.completed","requestId":"bc48f52e-0686-4b35-8bcf-8b36e381b525","method":"GET","area":"direct_messages","statusCode":503,"durationMs":1}
{"timestamp":"2026-08-22T12:33:51.624Z","level":"error","service":"forum-api","event":"http.request.completed","requestId":"f317797c-1076-4962-8e8b-e8d6c3834784","method":"GET","area":"notifications","statusCode":503,"durationMs":2}
{"timestamp":"2026-08-22T12:33:51.853Z","level":"error","service":"forum-api","event":"http.request.completed","requestId":"895dceb4-28f5-4e4e-bfc4-0c8101b12e40","method":"GET","area":"direct_messages","statusCode":503,"durationMs":1}
{"timestamp":"2026-08-22T12:33:51.853Z","level":"error","service":"forum-api","event":"http.request.completed","requestId":"ea5f0f5f-c10d-4061-b1dc-d4ab480f0129","method":"GET","area":"notifications","statusCode":503,"durationMs":1}
{"timestamp":"2026-08-22T12:33:54.951Z","level":"error","service":"forum-api","event":"http.request.completed","requestId":"86ceb2ff-2a3d-44e3-a13f-30be02c5e686","method":"GET","area":"notifications","statusCode":503,"durationMs":3}
{"timestamp":"2026-08-22T12:33:54.951Z","level":"error","service":"forum-api","event":"http.request.completed","requestId":"b07c6a1f-8e92-4c71-8be9-764cae692b15","method":"GET","area":"direct_messages","statusCode":503,"durationMs":2}
{"timestamp":"2026-08-22T12:33:59.142Z","level":"error","service":"forum-api","event":"http.request.completed","requestId":"cdce0ffe-82fe-4252-83c7-192c9340da57","method":"GET","area":"notifications","statusCode":503,"durationMs":2}
{"timestamp":"2026-08-22T12:33:59.143Z","level":"error","service":"forum-api","event":"http.request.completed","requestId":"652d9525-42f8-450e-8f23-22d49092eae5","method":"GET","area":"direct_messages","statusCode":503,"durationMs":2}
{"timestamp":"2026-08-22T12:34:03.407Z","level":"error","service":"forum-api","event":"http.request.completed","requestId":"5ed3e814-8b89-410f-b923-b0681686fe82","method":"GET","area":"notifications","statusCode":503,"durationMs":1}
{"timestamp":"2026-08-22T12:34:03.408Z","level":"error","service":"forum-api","event":"http.request.completed","requestId":"9bc389fe-32a3-4c71-95ca-4c0661fed892","method":"GET","area":"direct_messages","statusCode":503,"durationMs":2}
{"timestamp":"2026-08-22T12:34:10.995Z","level":"error","service":"forum-api","event":"http.request.completed","requestId":"a4814fa3-8e04-4e86-b964-ecb880a80c0c","method":"GET","area":"notifications","statusCode":503,"durationMs":1}
{"timestamp":"2026-08-22T12:34:10.995Z","level":"error","service":"forum-api","event":"http.request.completed","requestId":"aec92d8e-c5bd-4139-ac6b-acbc51f55369","method":"GET","area":"direct_messages","statusCode":503,"durationMs":1}
{"timestamp":"2026-08-22T12:34:13.869Z","level":"error","service":"forum-api","event":"http.request.completed","requestId":"45d21399-28b8-49e4-9106-bf52caeea6ed","method":"GET","area":"notifications","statusCode":503,"durationMs":1}
{"timestamp":"2026-08-22T12:34:13.870Z","level":"error","service":"forum-api","event":"http.request.completed","requestId":"5dd53d5c-f3f1-41dc-a1a9-1f9930cb0f9f","method":"GET","area":"direct_messages","statusCode":503,"durationMs":2}
{"timestamp":"2026-08-22T12:34:17.518Z","level":"error","service":"forum-api","event":"http.request.completed","requestId":"a32f02a2-b1f0-4bd4-a397-eaf60aac81cd","method":"GET","area":"direct_messages","statusCode":503,"durationMs":2}
{"timestamp":"2026-08-22T12:34:17.518Z","level":"error","service":"forum-api","event":"http.request.completed","requestId":"6e89f11a-a733-47ab-8df5-894a88e055ff","method":"GET","area":"notifications","statusCode":503,"durationMs":3}
{"timestamp":"2026-08-22T12:34:19.468Z","level":"error","service":"forum-api","event":"http.request.completed","requestId":"ca5f6b2c-c9ff-4bba-a455-6c4d33c5171d","method":"GET","area":"notifications","statusCode":503,"durationMs":2}
{"timestamp":"2026-08-22T12:34:19.473Z","level":"error","service":"forum-api","event":"http.request.completed","requestId":"873f74ec-dc37-475f-bf0a-06324b63b592","method":"GET","area":"direct_messages","statusCode":503,"durationMs":2}
{"timestamp":"2026-08-22T12:34:24.222Z","level":"error","service":"forum-api","event":"http.request.completed","requestId":"322d6d41-721a-4f65-8646-32d5884edf4f","method":"GET","area":"notifications","statusCode":503,"durationMs":2}
{"timestamp":"2026-08-22T12:34:24.222Z","level":"error","service":"forum-api","event":"http.request.completed","requestId":"71f10656-36cd-4c40-8137-abb5b2ec122c","method":"GET","area":"direct_messages","statusCode":503,"durationMs":2}
{"timestamp":"2026-08-22T12:34:25.577Z","level":"error","service":"forum-api","event":"http.request.completed","requestId":"bf58409a-a29a-49dc-b138-13103a3c4160","method":"GET","area":"notifications","statusCode":503,"durationMs":2}
{"timestamp":"2026-08-22T12:34:25.577Z","level":"error","service":"forum-api","event":"http.request.completed","requestId":"6b174dec-f5d6-48b9-ae6c-8f4c9ea9137d","method":"GET","area":"direct_messages","statusCode":503,"durationMs":2}
{"timestamp":"2026-08-22T12:34:30.635Z","level":"error","service":"forum-api","event":"http.request.completed","requestId":"be29e51f-8aff-47bd-bfe3-948f84ba94da","method":"GET","area":"notifications","statusCode":503,"durationMs":2}
{"timestamp":"2026-08-22T12:34:30.636Z","level":"error","service":"forum-api","event":"http.request.completed","requestId":"b205f18b-3647-4372-9335-aac914cd7b0b","method":"GET","area":"direct_messages","statusCode":503,"durationMs":2}
{"timestamp":"2026-08-22T12:34:36.029Z","level":"error","service":"forum-api","event":"http.request.completed","requestId":"a4079e73-892a-4375-8ee4-07ed1da9474a","method":"GET","area":"notifications","statusCode":503,"durationMs":2}
{"timestamp":"2026-08-22T12:34:36.030Z","level":"error","service":"forum-api","event":"http.request.completed","requestId":"b0e8e6a1-804a-42be-8db6-61dae0df8f20","method":"GET","area":"direct_messages","statusCode":503,"durationMs":2}
{"timestamp":"2026-08-22T12:34:41.433Z","level":"error","service":"forum-api","event":"http.request.completed","requestId":"dd882543-306c-4d42-8dae-f54df611948f","method":"GET","area":"notifications","statusCode":503,"durationMs":2}
{"timestamp":"2026-08-22T12:34:41.433Z","level":"error","service":"forum-api","event":"http.request.completed","requestId":"1c7b76ae-9e61-4845-a20f-f0568d2c49ad","method":"GET","area":"direct_messages","statusCode":503,"durationMs":2}
{"timestamp":"2026-08-22T12:34:46.771Z","level":"error","service":"forum-api","event":"http.request.completed","requestId":"0578975c-5b26-4ef4-8b22-23c5552bcc7c","method":"GET","area":"notifications","statusCode":503,"durationMs":2}
{"timestamp":"2026-08-22T12:34:46.772Z","level":"error","service":"forum-api","event":"http.request.completed","requestId":"226f3248-8253-4dbd-9557-04a1bb85f84e","method":"GET","area":"direct_messages","statusCode":503,"durationMs":2}
{"timestamp":"2026-08-22T12:34:50.826Z","level":"error","service":"forum-api","event":"http.request.completed","requestId":"6a0f67e4-26cd-4a29-9cd0-cd0daca2603c","method":"GET","area":"static","statusCode":503,"durationMs":1}
{"timestamp":"2026-08-22T12:34:52.030Z","level":"error","service":"forum-api","event":"http.request.completed","requestId":"e2119d0d-97b9-4f79-b6b8-121366acc111","method":"GET","area":"notifications","statusCode":503,"durationMs":2}
{"timestamp":"2026-08-22T12:34:52.030Z","level":"error","service":"forum-api","event":"http.request.completed","requestId":"c68d77fb-ed50-4d2c-a42d-ee3498abe1fd","method":"GET","area":"direct_messages","statusCode":503,"durationMs":1}
{"timestamp":"2026-08-22T12:34:57.679Z","level":"error","service":"forum-api","event":"http.request.completed","requestId":"42f307e8-7a4d-4f56-be51-2fe13ce64712","method":"GET","area":"notifications","statusCode":503,"durationMs":3}
{"timestamp":"2026-08-22T12:34:57.679Z","level":"error","service":"forum-api","event":"http.request.completed","requestId":"e2d9c095-bbcd-4258-90ab-c65bcffc9728","method":"GET","area":"direct_messages","statusCode":503,"durationMs":3}
{"timestamp":"2026-08-22T12:35:05.778Z","level":"error","service":"forum-api","event":"http.request.completed","requestId":"44febb1b-455a-488c-96e2-0452727e1318","method":"GET","area":"notifications","statusCode":503,"durationMs":2}
{"timestamp":"2026-08-22T12:35:05.779Z","level":"error","service":"forum-api","event":"http.request.completed","requestId":"c25d1405-c132-4ac8-a7f7-79b6b9ebe907","method":"GET","area":"direct_messages","statusCode":503,"durationMs":2}
{"timestamp":"2026-08-22T12:35:12.374Z","level":"error","service":"forum-api","event":"http.request.completed","requestId":"8b9671a2-7a8e-429f-8dbb-64e0f895401b","method":"GET","area":"notifications","statusCode":503,"durationMs":2}
{"timestamp":"2026-08-22T12:35:12.374Z","level":"error","service":"forum-api","event":"http.request.completed","requestId":"27ccb8e9-7d0a-42ca-b4a0-31cb2fd5904b","method":"GET","area":"direct_messages","statusCode":503,"durationMs":2}
{"timestamp":"2026-08-22T12:35:18.571Z","level":"error","service":"forum-api","event":"http.request.completed","requestId":"e5747ea1-193a-43e3-ba0d-5b240711cc2f","method":"GET","area":"direct_messages","statusCode":503,"durationMs":2}
{"timestamp":"2026-08-22T12:35:18.571Z","level":"error","service":"forum-api","event":"http.request.completed","requestId":"f81980dd-0b2c-4446-bb29-47b2563f2a40","method":"GET","area":"notifications","statusCode":503,"durationMs":2}
{"timestamp":"2026-08-22T12:35:23.835Z","level":"error","service":"forum-api","event":"http.request.completed","requestId":"db41a452-cd52-43db-8fa2-7801985c577f","method":"GET","area":"notifications","statusCode":503,"durationMs":1}
{"timestamp":"2026-08-22T12:35:23.836Z","level":"error","service":"forum-api","event":"http.request.completed","requestId":"f7dbb023-0d4c-4bd2-85ff-1512e071a6a2","method":"GET","area":"direct_messages","statusCode":503,"durationMs":1}
{"timestamp":"2026-08-22T12:35:25.069Z","level":"error","service":"forum-api","event":"http.request.completed","requestId":"fdef419a-c580-442a-8061-1b7fa623b40d","method":"GET","area":"static","statusCode":503,"durationMs":1}
{"timestamp":"2026-08-22T12:35:30.786Z","level":"error","service":"forum-api","event":"http.request.completed","requestId":"3f46e9a4-9449-4f1f-b272-26d461e5bdd4","method":"GET","area":"direct_messages","statusCode":503,"durationMs":1}
{"timestamp":"2026-08-22T12:35:30.787Z","level":"error","service":"forum-api","event":"http.request.completed","requestId":"05e2fb11-7f54-4fbf-8b59-dedc11da7b4f","method":"GET","area":"notifications","statusCode":503,"durationMs":2}
{"timestamp":"2026-08-22T12:35:35.822Z","level":"error","service":"forum-api","event":"http.request.completed","requestId":"e96f5b6f-3988-4c06-9048-781e80b6a5f4","method":"GET","area":"notifications","statusCode":503,"durationMs":2}
{"timestamp":"2026-08-22T12:35:35.823Z","level":"error","service":"forum-api","event":"http.request.completed","requestId":"32bb23eb-34d6-4c9f-be8d-0ba57d6d936c","method":"GET","area":"direct_messages","statusCode":503,"durationMs":2}
{"timestamp":"2026-08-22T12:35:42.041Z","level":"error","service":"forum-api","event":"http.request.completed","requestId":"f471d000-75f0-4abb-a98c-4ee141c65929","method":"GET","area":"notifications","statusCode":503,"durationMs":2}
{"timestamp":"2026-08-22T12:35:42.041Z","level":"error","service":"forum-api","event":"http.request.completed","requestId":"f9fd944b-5e76-4f49-91e5-903725c79f29","method":"GET","area":"direct_messages","statusCode":503,"durationMs":2}
{"timestamp":"2026-08-22T12:35:48.874Z","level":"error","service":"forum-api","event":"http.request.completed","requestId":"f464edf3-c180-4a1a-8801-f59c20cc3c3c","method":"GET","area":"direct_messages","statusCode":503,"durationMs":2}
{"timestamp":"2026-08-22T12:35:48.874Z","level":"error","service":"forum-api","event":"http.request.completed","requestId":"ed192aaa-cedb-42a8-b2dc-6ee9f4696577","method":"GET","area":"notifications","statusCode":503,"durationMs":2}
{"timestamp":"2026-08-22T12:35:54.605Z","level":"error","service":"forum-api","event":"http.request.completed","requestId":"d4c89351-815e-4eaf-add6-938cd9f02924","method":"GET","area":"direct_messages","statusCode":503,"durationMs":2}
{"timestamp":"2026-08-22T12:35:54.605Z","level":"error","service":"forum-api","event":"http.request.completed","requestId":"c5d2c094-aab4-4716-9637-ab2622803b5c","method":"GET","area":"notifications","statusCode":503,"durationMs":3}
{"timestamp":"2026-08-22T12:35:58.463Z","level":"error","service":"forum-api","event":"http.request.completed","requestId":"63418426-c809-46f4-9309-5fceab6e528a","method":"GET","area":"notifications","statusCode":503,"durationMs":2}
{"timestamp":"2026-08-22T12:35:58.463Z","level":"error","service":"forum-api","event":"http.request.completed","requestId":"2a8c3428-08f9-43c4-8f5b-48e67faaa274","method":"GET","area":"direct_messages","statusCode":503,"durationMs":1}
{"timestamp":"2026-08-22T12:36:05.564Z","level":"error","service":"forum-api","event":"http.request.completed","requestId":"9df52db2-b3fb-4501-a231-64b439ab87fd","method":"GET","area":"notifications","statusCode":503,"durationMs":2}
{"timestamp":"2026-08-22T12:36:05.564Z","level":"error","service":"forum-api","event":"http.request.completed","requestId":"075cdcda-5af3-43ea-8b0c-5628c3c90aaa","method":"GET","area":"direct_messages","statusCode":503,"durationMs":2}
{"timestamp":"2026-08-22T12:36:12.606Z","level":"error","service":"forum-api","event":"http.request.completed","requestId":"26363036-2149-4653-a3f8-cc86e3bcfa52","method":"GET","area":"notifications","statusCode":503,"durationMs":2}
{"timestamp":"2026-08-22T12:36:12.609Z","level":"error","service":"forum-api","event":"http.request.completed","requestId":"d8e39011-6457-457f-bf30-fc486e642e23","method":"GET","area":"direct_messages","statusCode":503,"durationMs":1}
{"timestamp":"2026-08-22T12:36:17.711Z","level":"error","service":"forum-api","event":"http.request.completed","requestId":"9130905e-8808-4a30-9adc-4f7925592928","method":"GET","area":"notifications","statusCode":503,"durationMs":2}
{"timestamp":"2026-08-22T12:36:17.712Z","level":"error","service":"forum-api","event":"http.request.completed","requestId":"8d5dfba7-bcab-499a-8e68-65da1c19ee50","method":"GET","area":"direct_messages","statusCode":503,"durationMs":2}
{"timestamp":"2026-08-22T12:36:25.778Z","level":"error","service":"forum-api","event":"http.request.completed","requestId":"7c39b444-2b72-4cd3-a2a5-14934e5ce167","method":"GET","area":"notifications","statusCode":503,"durationMs":2}
{"timestamp":"2026-08-22T12:36:25.779Z","level":"error","service":"forum-api","event":"http.request.completed","requestId":"a0622042-f008-4b58-a14b-0e5134bf25ac","method":"GET","area":"direct_messages","statusCode":503,"durationMs":3}
{"timestamp":"2026-08-22T12:36:29.797Z","level":"error","service":"forum-api","event":"http.request.completed","requestId":"0ef55be7-96a5-4a79-a864-aa7499d5d6e7","method":"GET","area":"direct_messages","statusCode":503,"durationMs":2}
{"timestamp":"2026-08-22T12:36:29.799Z","level":"error","service":"forum-api","event":"http.request.completed","requestId":"fbde30c7-3992-4808-a220-3c6fcb91892e","method":"GET","area":"notifications","statusCode":503,"durationMs":3}
{"timestamp":"2026-08-22T12:36:36.893Z","level":"error","service":"forum-api","event":"http.request.completed","requestId":"3613f92d-cc1f-4dd3-ab82-d4bad5cb9141","method":"GET","area":"notifications","statusCode":503,"durationMs":1}
{"timestamp":"2026-08-22T12:36:36.894Z","level":"error","service":"forum-api","event":"http.request.completed","requestId":"912430c5-e69a-4624-8a48-db5c966f0cc7","method":"GET","area":"direct_messages","statusCode":503,"durationMs":1}
{"timestamp":"2026-08-22T12:36:43.288Z","level":"error","service":"forum-api","event":"http.request.completed","requestId":"316b5a92-abc0-4ead-b974-d58dd2588b03","method":"GET","area":"notifications","statusCode":503,"durationMs":2}
{"timestamp":"2026-08-22T12:36:43.288Z","level":"error","service":"forum-api","event":"http.request.completed","requestId":"a3137b49-e73e-4f3e-9149-b648b7ac088d","method":"GET","area":"direct_messages","statusCode":503,"durationMs":2}
{"timestamp":"2026-08-22T12:36:48.985Z","level":"error","service":"forum-api","event":"http.request.completed","requestId":"55d06287-e519-4bf4-a16e-8723b40265d2","method":"GET","area":"notifications","statusCode":503,"durationMs":2}
{"timestamp":"2026-08-22T12:36:48.986Z","level":"error","service":"forum-api","event":"http.request.completed","requestId":"ec16cf62-0899-4ec5-88be-d1733b13cadd","method":"GET","area":"direct_messages","statusCode":503,"durationMs":3}
{"timestamp":"2026-08-22T12:36:54.035Z","level":"error","service":"forum-api","event":"http.request.completed","requestId":"0ca4cad9-b4c4-4f9e-97cf-f13b60b71d71","method":"GET","area":"notifications","statusCode":503,"durationMs":2}
{"timestamp":"2026-08-22T12:36:54.035Z","level":"error","service":"forum-api","event":"http.request.completed","requestId":"58975548-5725-4d8d-9e5f-90ea25365515","method":"GET","area":"direct_messages","statusCode":503,"durationMs":2}
{"timestamp":"2026-08-22T12:37:01.216Z","level":"error","service":"forum-api","event":"http.request.completed","requestId":"7ac36b48-5ee4-486b-83a8-7988a789738d","method":"GET","area":"direct_messages","statusCode":503,"durationMs":2}
{"timestamp":"2026-08-22T12:37:01.216Z","level":"error","service":"forum-api","event":"http.request.completed","requestId":"f9a32695-84ae-42c7-ac27-926bb6199da2","method":"GET","area":"notifications","statusCode":503,"durationMs":2}
{"timestamp":"2026-08-22T12:37:08.605Z","level":"error","service":"forum-api","event":"http.request.completed","requestId":"dbac61d5-cb1f-4c03-88e5-e3cb1040095b","method":"GET","area":"notifications","statusCode":503,"durationMs":2}
{"timestamp":"2026-08-22T12:37:08.605Z","level":"error","service":"forum-api","event":"http.request.completed","requestId":"94f3b4b7-dfbb-410a-b23f-ca2d5d38fd4b","method":"GET","area":"direct_messages","statusCode":503,"durationMs":1}
{"timestamp":"2026-08-22T12:37:13.514Z","level":"error","service":"forum-api","event":"http.request.completed","requestId":"12f0cc8f-8e02-40b6-8357-4bf8fcb0cc4d","method":"GET","area":"notifications","statusCode":503,"durationMs":2}
{"timestamp":"2026-08-22T12:37:13.514Z","level":"error","service":"forum-api","event":"http.request.completed","requestId":"6aca956d-4b12-4dbe-beaf-c4d4c4a9e89a","method":"GET","area":"direct_messages","statusCode":503,"durationMs":2}
{"timestamp":"2026-08-22T12:37:20.256Z","level":"error","service":"forum-api","event":"http.request.completed","requestId":"4ba25af0-c99f-4d75-8556-27e1509cdbbc","method":"GET","area":"direct_messages","statusCode":503,"durationMs":1}
{"timestamp":"2026-08-22T12:37:20.256Z","level":"error","service":"forum-api","event":"http.request.completed","requestId":"d1974c67-b89d-4789-bd70-8c6b2e35601b","method":"GET","area":"notifications","statusCode":503,"durationMs":2}
{"timestamp":"2026-08-22T12:37:25.489Z","level":"error","service":"forum-api","event":"http.request.completed","requestId":"7e216118-19c4-4062-a311-0d5e75826ca1","method":"GET","area":"notifications","statusCode":503,"durationMs":2}
{"timestamp":"2026-08-22T12:37:25.489Z","level":"error","service":"forum-api","event":"http.request.completed","requestId":"f7cf424e-737f-43b5-80ad-5c1d4beaf193","method":"GET","area":"direct_messages","statusCode":503,"durationMs":1}
{"timestamp":"2026-08-22T12:37:28.790Z","level":"error","service":"forum-api","event":"http.request.completed","requestId":"7a42875e-9f72-4469-86d6-5e0b74217958","method":"GET","area":"notifications","statusCode":503,"durationMs":2}
{"timestamp":"2026-08-22T12:37:28.790Z","level":"error","service":"forum-api","event":"http.request.completed","requestId":"53177aa7-5903-4a48-829c-e013ebb26af7","method":"GET","area":"direct_messages","statusCode":503,"durationMs":1}
{"timestamp":"2026-08-22T12:37:33.576Z","level":"error","service":"forum-api","event":"http.request.completed","requestId":"beab5b9e-6775-43eb-83e8-330298c00b3a","method":"GET","area":"notifications","statusCode":503,"durationMs":2}
{"timestamp":"2026-08-22T12:37:33.576Z","level":"error","service":"forum-api","event":"http.request.completed","requestId":"b99edd1a-f5da-424c-b22c-bb1f1c8c9563","method":"GET","area":"direct_messages","statusCode":503,"durationMs":1}
{"timestamp":"2026-08-22T12:37:39.596Z","level":"error","service":"forum-api","event":"http.request.completed","requestId":"aaa6176b-cac7-46a5-b39e-eed14358608b","method":"GET","area":"notifications","statusCode":503,"durationMs":1}
{"timestamp":"2026-08-22T12:37:39.597Z","level":"error","service":"forum-api","event":"http.request.completed","requestId":"39687234-a2d2-46c3-aebb-9d4f18bd2831","method":"GET","area":"direct_messages","statusCode":503,"durationMs":2}
{"timestamp":"2026-08-22T12:37:45.644Z","level":"error","service":"forum-api","event":"http.request.completed","requestId":"e69871d2-a15a-4a34-9311-5795c860b413","method":"GET","area":"notifications","statusCode":503,"durationMs":1}
{"timestamp":"2026-08-22T12:37:45.645Z","level":"error","service":"forum-api","event":"http.request.completed","requestId":"ac1e119f-c602-4d4c-be24-50ce3cd9836f","method":"GET","area":"direct_messages","statusCode":503,"durationMs":1}
{"timestamp":"2026-08-22T12:37:49.668Z","level":"error","service":"forum-api","event":"http.request.completed","requestId":"0578fbde-6bf9-4913-bd8d-2ca7f122c477","method":"GET","area":"notifications","statusCode":503,"durationMs":2}
{"timestamp":"2026-08-22T12:37:49.669Z","level":"error","service":"forum-api","event":"http.request.completed","requestId":"610c26b0-7e9d-43db-a317-cf5a0d254413","method":"GET","area":"direct_messages","statusCode":503,"durationMs":2}
{"timestamp":"2026-08-22T12:37:53.671Z","level":"error","service":"forum-api","event":"http.request.completed","requestId":"b7ab55a7-e30a-4a8e-85ef-f7f5a9ce1af9","method":"GET","area":"notifications","statusCode":503,"durationMs":2}
{"timestamp":"2026-08-22T12:37:53.671Z","level":"error","service":"forum-api","event":"http.request.completed","requestId":"f612c15a-5aac-4f2c-b2be-282832a65e2b","method":"GET","area":"direct_messages","statusCode":503,"durationMs":2}
{"timestamp":"2026-08-22T12:37:59.778Z","level":"error","service":"forum-api","event":"http.request.completed","requestId":"d00254fc-98e8-48a4-a0ca-9f8c50373665","method":"GET","area":"direct_messages","statusCode":503,"durationMs":2}
{"timestamp":"2026-08-22T12:37:59.778Z","level":"error","service":"forum-api","event":"http.request.completed","requestId":"3969f4f6-0c5a-4cbf-83ef-3850ad756f55","method":"GET","area":"notifications","statusCode":503,"durationMs":2}
{"timestamp":"2026-08-22T12:38:06.848Z","level":"error","service":"forum-api","event":"http.request.completed","requestId":"5c7ff94e-6485-43b4-a914-aaf6d2a13ce6","method":"GET","area":"notifications","statusCode":503,"durationMs":2}
{"timestamp":"2026-08-22T12:38:06.850Z","level":"error","service":"forum-api","event":"http.request.completed","requestId":"fbc0fd9b-048a-4bca-a071-003fb0e1ba07","method":"GET","area":"direct_messages","statusCode":503,"durationMs":1}
{"timestamp":"2026-08-22T12:38:11.874Z","level":"error","service":"forum-api","event":"http.request.completed","requestId":"5d647bb3-2046-4bc0-9aca-36f0afa0755c","method":"GET","area":"direct_messages","statusCode":503,"durationMs":2}
{"timestamp":"2026-08-22T12:38:11.874Z","level":"error","service":"forum-api","event":"http.request.completed","requestId":"67fbf393-73fe-4246-97e7-2d4078305159","method":"GET","area":"notifications","statusCode":503,"durationMs":2}
{"timestamp":"2026-08-22T12:38:15.228Z","level":"error","service":"forum-api","event":"http.request.completed","requestId":"265daffb-eae7-4e10-95a7-a537fb32a77f","method":"GET","area":"direct_messages","statusCode":503,"durationMs":2}
{"timestamp":"2026-08-22T12:38:15.228Z","level":"error","service":"forum-api","event":"http.request.completed","requestId":"7cb92ad1-5472-46be-918e-52673b38ea47","method":"GET","area":"notifications","statusCode":503,"durationMs":2}
{"timestamp":"2026-08-22T12:38:21.957Z","level":"error","service":"forum-api","event":"http.request.completed","requestId":"c24a0867-a31b-4611-b44a-0257ecc689cc","method":"GET","area":"notifications","statusCode":503,"durationMs":2}
{"timestamp":"2026-08-22T12:38:21.957Z","level":"error","service":"forum-api","event":"http.request.completed","requestId":"2376348b-81fc-4caa-943c-b626c5e89b83","method":"GET","area":"direct_messages","statusCode":503,"durationMs":1}
{"timestamp":"2026-08-22T12:38:27.442Z","level":"error","service":"forum-api","event":"http.request.completed","requestId":"07907037-3b68-4e30-8f03-d976c8df94d4","method":"GET","area":"notifications","statusCode":503,"durationMs":2}
{"timestamp":"2026-08-22T12:38:27.443Z","level":"error","service":"forum-api","event":"http.request.completed","requestId":"efafb025-d8dd-4894-898f-2007d8af07ad","method":"GET","area":"direct_messages","statusCode":503,"durationMs":2}
{"timestamp":"2026-08-22T12:38:34.060Z","level":"error","service":"forum-api","event":"http.request.completed","requestId":"e03e5401-2d6d-4cf3-859f-9453ba54ff3f","method":"GET","area":"notifications","statusCode":503,"durationMs":1}
{"timestamp":"2026-08-22T12:38:34.060Z","level":"error","service":"forum-api","event":"http.request.completed","requestId":"b45f5283-0c79-461c-b236-22c6a9a1a27a","method":"GET","area":"direct_messages","statusCode":503,"durationMs":2}
{"timestamp":"2026-08-22T12:38:40.112Z","level":"error","service":"forum-api","event":"http.request.completed","requestId":"28251232-08e1-48c9-9be0-5e4f10478bcb","method":"GET","area":"direct_messages","statusCode":503,"durationMs":2}
{"timestamp":"2026-08-22T12:38:40.112Z","level":"error","service":"forum-api","event":"http.request.completed","requestId":"9a05f498-2012-4771-905d-497b1c360834","method":"GET","area":"notifications","statusCode":503,"durationMs":2}
{"timestamp":"2026-08-22T12:38:44.476Z","level":"error","service":"forum-api","event":"http.request.completed","requestId":"2885c6e3-3183-4ea8-9294-f3ade6127014","method":"GET","area":"notifications","statusCode":503,"durationMs":2}
{"timestamp":"2026-08-22T12:38:44.476Z","level":"error","service":"forum-api","event":"http.request.completed","requestId":"c1ab9ebe-c4b5-4885-a7fc-81fdbc1eed49","method":"GET","area":"direct_messages","statusCode":503,"durationMs":2}
{"timestamp":"2026-08-22T12:38:49.196Z","level":"error","service":"forum-api","event":"http.request.completed","requestId":"246cf314-caf6-4bbf-b956-3cd9e45802c5","method":"GET","area":"notifications","statusCode":503,"durationMs":2}
{"timestamp":"2026-08-22T12:38:49.196Z","level":"error","service":"forum-api","event":"http.request.completed","requestId":"e6de14f2-3252-4724-8f62-ab5f23ba2d84","method":"GET","area":"direct_messages","statusCode":503,"durationMs":1}
{"timestamp":"2026-08-22T12:38:55.964Z","level":"error","service":"forum-api","event":"http.request.completed","requestId":"8a02aaa2-75f1-417d-8330-dd2cd9e8f879","method":"GET","area":"notifications","statusCode":503,"durationMs":2}
{"timestamp":"2026-08-22T12:38:55.964Z","level":"error","service":"forum-api","event":"http.request.completed","requestId":"f9e2bcc5-8443-448b-a7e1-7d56e4c7197f","method":"GET","area":"direct_messages","statusCode":503,"durationMs":1}
{"timestamp":"2026-08-22T12:38:57.068Z","level":"error","service":"forum-api","event":"http.request.completed","requestId":"66582e12-52b5-435e-b00d-1e9210c00d97","method":"GET","area":"static","statusCode":503,"durationMs":2}
{"timestamp":"2026-08-22T12:38:57.089Z","level":"error","service":"forum-api","event":"http.request.completed","requestId":"a47d68ce-cb3e-4bad-a78d-49f29dbe4ce4","method":"GET","area":"unknown","statusCode":503,"durationMs":2}
{"timestamp":"2026-08-22T12:39:02.240Z","level":"error","service":"forum-api","event":"http.request.completed","requestId":"5188b1be-7bcf-4a98-aa7b-7c3fcb5f6540","method":"GET","area":"notifications","statusCode":503,"durationMs":2}
{"timestamp":"2026-08-22T12:39:02.240Z","level":"error","service":"forum-api","event":"http.request.completed","requestId":"7e2606e9-9210-4a16-8c9d-358fc7288f1a","method":"GET","area":"direct_messages","statusCode":503,"durationMs":2}
{"timestamp":"2026-08-22T12:39:07.763Z","level":"error","service":"forum-api","event":"http.request.completed","requestId":"ea40ce27-5700-40a3-acd4-2196075c59d4","method":"GET","area":"notifications","statusCode":503,"durationMs":2}
{"timestamp":"2026-08-22T12:39:07.763Z","level":"error","service":"forum-api","event":"http.request.completed","requestId":"b001ea2c-392a-4b8a-8889-685d72db2ccb","method":"GET","area":"direct_messages","statusCode":503,"durationMs":1}
{"timestamp":"2026-08-22T12:39:15.409Z","level":"error","service":"forum-api","event":"http.request.completed","requestId":"4e961044-bfe2-4657-be0a-8ee5f5a00708","method":"GET","area":"notifications","statusCode":503,"durationMs":1}
{"timestamp":"2026-08-22T12:39:15.410Z","level":"error","service":"forum-api","event":"http.request.completed","requestId":"6ea1190b-ff33-4a8d-9c04-26afe9ed6118","method":"GET","area":"direct_messages","statusCode":503,"durationMs":1}
{"timestamp":"2026-08-22T12:39:22.393Z","level":"error","service":"forum-api","event":"http.request.completed","requestId":"d49f28fb-5668-49f9-85f0-1dd300a095aa","method":"GET","area":"notifications","statusCode":503,"durationMs":2}
{"timestamp":"2026-08-22T12:39:22.393Z","level":"error","service":"forum-api","event":"http.request.completed","requestId":"88da4bf7-a0a0-48a9-8c2a-c22fb313589c","method":"GET","area":"direct_messages","statusCode":503,"durationMs":1}
{"timestamp":"2026-08-22T12:39:25.688Z","level":"error","service":"forum-api","event":"http.request.completed","requestId":"0132b70b-8abf-426c-82c5-482161053405","method":"GET","area":"notifications","statusCode":503,"durationMs":3}
{"timestamp":"2026-08-22T12:39:25.688Z","level":"error","service":"forum-api","event":"http.request.completed","requestId":"6f3d63e6-90bd-49a1-83b2-1fbc81491f15","method":"GET","area":"direct_messages","statusCode":503,"durationMs":2}
{"timestamp":"2026-08-22T16:44:48.749Z","level":"error","service":"forum-api","event":"http.request.failed","requestId":"07b4a91a-d1b8-4ee7-85f7-fa07d18db50a","errorName":"error","errorCode":"42P01"}
{"timestamp":"2026-08-22T16:44:48.750Z","level":"error","service":"forum-api","event":"http.request.completed","requestId":"07b4a91a-d1b8-4ee7-85f7-fa07d18db50a","method":"GET","area":"forum","statusCode":500,"durationMs":9}
{"timestamp":"2026-08-22T16:45:28.107Z","level":"error","service":"forum-api","event":"http.request.failed","requestId":"d4e5d9d9-f5f8-461e-930d-48cbdb30bbf4","errorName":"error","errorCode":"42P01"}
{"timestamp":"2026-08-22T16:45:28.107Z","level":"error","service":"forum-api","event":"http.request.completed","requestId":"d4e5d9d9-f5f8-461e-930d-48cbdb30bbf4","method":"GET","area":"forum","statusCode":500,"durationMs":9}
{"timestamp":"2026-08-22T16:45:39.033Z","level":"error","service":"forum-api","event":"http.request.failed","requestId":"c54aa0d2-6a10-4124-8177-a7fdb5f3681b","errorName":"error","errorCode":"42P01"}
{"timestamp":"2026-08-22T16:45:39.033Z","level":"error","service":"forum-api","event":"http.request.completed","requestId":"c54aa0d2-6a10-4124-8177-a7fdb5f3681b","method":"GET","area":"forum","statusCode":500,"durationMs":8}
{"timestamp":"2026-08-22T16:45:43.878Z","level":"error","service":"forum-api","event":"http.request.failed","requestId":"fbe7c49a-61e4-42c0-b044-6937ca082e64","errorName":"error","errorCode":"42P01"}
{"timestamp":"2026-08-22T16:45:43.879Z","level":"error","service":"forum-api","event":"http.request.completed","requestId":"fbe7c49a-61e4-42c0-b044-6937ca082e64","method":"GET","area":"forum","statusCode":500,"durationMs":7}
{"timestamp":"2026-08-22T16:45:51.620Z","level":"error","service":"forum-api","event":"http.request.failed","requestId":"9455254c-e740-45fd-9671-7a1cd02b5f51","errorName":"error","errorCode":"42P01"}
{"timestamp":"2026-08-22T16:45:51.621Z","level":"error","service":"forum-api","event":"http.request.completed","requestId":"9455254c-e740-45fd-9671-7a1cd02b5f51","method":"GET","area":"forum","statusCode":500,"durationMs":8}
{"timestamp":"2026-08-22T16:46:31.940Z","level":"error","service":"forum-api","event":"http.request.failed","requestId":"6806f453-51ae-425b-9a21-477f72b372d5","errorName":"error","errorCode":"42P01"}
{"timestamp":"2026-08-22T16:46:31.940Z","level":"error","service":"forum-api","event":"http.request.completed","requestId":"6806f453-51ae-425b-9a21-477f72b372d5","method":"GET","area":"forum","statusCode":500,"durationMs":7}
{"timestamp":"2026-08-22T16:46:36.506Z","level":"error","service":"forum-api","event":"http.request.failed","requestId":"b3a099e1-4843-47c4-a489-ba31009240e5","errorName":"error","errorCode":"42P01"}
{"timestamp":"2026-08-22T16:46:36.506Z","level":"error","service":"forum-api","event":"http.request.completed","requestId":"b3a099e1-4843-47c4-a489-ba31009240e5","method":"GET","area":"forum","statusCode":500,"durationMs":7}
{"timestamp":"2026-08-22T16:47:33.137Z","level":"error","service":"forum-api","event":"http.request.failed","requestId":"b47ef900-50fc-4740-9afb-122e8192a3f7","errorName":"error","errorCode":"42P01"}
{"timestamp":"2026-08-22T16:47:33.137Z","level":"error","service":"forum-api","event":"http.request.completed","requestId":"b47ef900-50fc-4740-9afb-122e8192a3f7","method":"GET","area":"forum","statusCode":500,"durationMs":7}
{"timestamp":"2026-08-22T16:47:35.833Z","level":"error","service":"forum-api","event":"http.request.failed","requestId":"94088faa-eeca-4c0a-bdf2-b51571114863","errorName":"error","errorCode":"42P01"}
{"timestamp":"2026-08-22T16:47:35.833Z","level":"error","service":"forum-api","event":"http.request.completed","requestId":"94088faa-eeca-4c0a-bdf2-b51571114863","method":"GET","area":"forum","statusCode":500,"durationMs":9}
{"timestamp":"2026-08-22T16:48:05.050Z","level":"error","service":"forum-api","event":"http.request.failed","requestId":"a6db5530-efb1-457a-ad46-87da9d29122f","errorName":"error","errorCode":"42P01"}
{"timestamp":"2026-08-22T16:48:05.050Z","level":"error","service":"forum-api","event":"http.request.completed","requestId":"a6db5530-efb1-457a-ad46-87da9d29122f","method":"GET","area":"forum","statusCode":500,"durationMs":8}
{"timestamp":"2026-08-22T16:48:17.751Z","level":"error","service":"forum-api","event":"http.request.failed","requestId":"cc8e7b20-5d94-477e-b4bd-f6d51bb1b107","errorName":"error","errorCode":"42P01"}
{"timestamp":"2026-08-22T16:48:17.751Z","level":"error","service":"forum-api","event":"http.request.completed","requestId":"cc8e7b20-5d94-477e-b4bd-f6d51bb1b107","method":"GET","area":"forum","statusCode":500,"durationMs":6}
{"timestamp":"2026-08-22T16:49:26.297Z","level":"error","service":"forum-api","event":"http.request.failed","requestId":"d0e6f2e8-f552-4e37-b5bc-c789aa1984fa","errorName":"error","errorCode":"42P01"}
{"timestamp":"2026-08-22T16:49:26.297Z","level":"error","service":"forum-api","event":"http.request.completed","requestId":"d0e6f2e8-f552-4e37-b5bc-c789aa1984fa","method":"GET","area":"forum","statusCode":500,"durationMs":15}
{"timestamp":"2026-08-22T16:49:36.715Z","level":"error","service":"forum-api","event":"http.request.failed","requestId":"e73930dd-292b-459b-b994-9f79079e6a82","errorName":"error","errorCode":"42P01"}
{"timestamp":"2026-08-22T16:49:36.715Z","level":"error","service":"forum-api","event":"http.request.completed","requestId":"e73930dd-292b-459b-b994-9f79079e6a82","method":"GET","area":"forum","statusCode":500,"durationMs":15}
{"timestamp":"2026-08-22T16:49:39.976Z","level":"error","service":"forum-api","event":"http.request.failed","requestId":"c9156365-a87c-4ac4-adae-5cc40e104ae3","errorName":"error","errorCode":"42P01"}
{"timestamp":"2026-08-22T16:49:39.977Z","level":"error","service":"forum-api","event":"http.request.completed","requestId":"c9156365-a87c-4ac4-adae-5cc40e104ae3","method":"GET","area":"forum","statusCode":500,"durationMs":15}
{"timestamp":"2026-08-22T16:50:01.678Z","level":"error","service":"forum-api","event":"http.request.failed","requestId":"d4e4033a-99a1-4fc3-b01c-e52718f49212","errorName":"error","errorCode":"42P01"}
{"timestamp":"2026-08-22T16:50:01.679Z","level":"error","service":"forum-api","event":"http.request.completed","requestId":"d4e4033a-99a1-4fc3-b01c-e52718f49212","method":"GET","area":"forum","statusCode":500,"durationMs":26}
{"timestamp":"2026-08-22T16:50:03.528Z","level":"error","service":"forum-api","event":"http.request.failed","requestId":"bfd691c6-a23e-477b-9741-b8881134e227","errorName":"error","errorCode":"42P01"}
{"timestamp":"2026-08-22T16:50:03.528Z","level":"error","service":"forum-api","event":"http.request.completed","requestId":"bfd691c6-a23e-477b-9741-b8881134e227","method":"GET","area":"forum","statusCode":500,"durationMs":14}
{"timestamp":"2026-08-22T16:50:12.466Z","level":"error","service":"forum-api","event":"http.request.failed","requestId":"acc4aa51-db39-4e8d-a2fe-198056ade200","errorName":"error","errorCode":"42P01"}
{"timestamp":"2026-08-22T16:50:12.466Z","level":"error","service":"forum-api","event":"http.request.completed","requestId":"acc4aa51-db39-4e8d-a2fe-198056ade200","method":"GET","area":"forum","statusCode":500,"durationMs":15}
{"timestamp":"2026-08-22T16:50:19.870Z","level":"error","service":"forum-api","event":"http.request.failed","requestId":"0ee6935f-08a3-427b-93b0-816e197b8c77","errorName":"error","errorCode":"42P01"}
{"timestamp":"2026-08-22T16:50:19.870Z","level":"error","service":"forum-api","event":"http.request.completed","requestId":"0ee6935f-08a3-427b-93b0-816e197b8c77","method":"GET","area":"forum","statusCode":500,"durationMs":12}
{"timestamp":"2026-08-22T16:50:33.338Z","level":"error","service":"forum-api","event":"http.request.failed","requestId":"9170af67-f370-42b7-a10f-1dd0083668c4","errorName":"error","errorCode":"42P01"}
{"timestamp":"2026-08-22T16:50:33.338Z","level":"error","service":"forum-api","event":"http.request.completed","requestId":"9170af67-f370-42b7-a10f-1dd0083668c4","method":"GET","area":"forum","statusCode":500,"durationMs":6}
{"timestamp":"2026-08-22T16:51:09.345Z","level":"error","service":"forum-api","event":"http.request.failed","requestId":"cb298260-ffbc-4c03-b818-69283ce944b2","errorName":"error","errorCode":"42P01"}
{"timestamp":"2026-08-22T16:51:09.345Z","level":"error","service":"forum-api","event":"http.request.completed","requestId":"cb298260-ffbc-4c03-b818-69283ce944b2","method":"GET","area":"forum","statusCode":500,"durationMs":5}
{"timestamp":"2026-08-22T16:51:28.088Z","level":"error","service":"forum-api","event":"http.request.failed","requestId":"b32d1d04-0f16-4bc7-ad54-c56c8d9c95a8","errorName":"error","errorCode":"42P01"}
{"timestamp":"2026-08-22T16:51:28.088Z","level":"error","service":"forum-api","event":"http.request.completed","requestId":"b32d1d04-0f16-4bc7-ad54-c56c8d9c95a8","method":"GET","area":"forum","statusCode":500,"durationMs":6}
{"timestamp":"2026-08-22T16:51:53.402Z","level":"error","service":"forum-api","event":"http.request.failed","requestId":"a7b2bf36-870b-42b7-92ce-ecf45abff33f","errorName":"error","errorCode":"42P01"}
{"timestamp":"2026-08-22T16:51:53.402Z","level":"error","service":"forum-api","event":"http.request.completed","requestId":"a7b2bf36-870b-42b7-92ce-ecf45abff33f","method":"GET","area":"forum","statusCode":500,"durationMs":15}
(node:186884) DeprecationWarning: Calling client.query() when the client is already executing a query is deprecated and will be removed in pg@9.0. Use async/await or an external async flow control mechanism instead.
(Use `node --trace-deprecation ...` to show where the warning was created)
{"timestamp":"2026-08-23T04:33:57.452Z","level":"error","service":"forum-api","event":"http.request.aborted","requestId":"34f757a3-af1e-4798-8cb5-19d559c6ba65","method":"GET","area":"notifications","statusCode":200,"durationMs":3}
{"timestamp":"2026-08-23T04:33:57.455Z","level":"error","service":"forum-api","event":"http.request.aborted","requestId":"cb50d1ef-06f8-47ea-988c-681c5905b87b","method":"GET","area":"direct_messages","statusCode":200,"durationMs":1}
(node:1057641) DeprecationWarning: Calling client.query() when the client is already executing a query is deprecated and will be removed in pg@9.0. Use async/await or an external async flow control mechanism instead.
(Use `node --trace-deprecation ...` to show where the warning was created)
(node:1204982) DeprecationWarning: Calling client.query() when the client is already executing a query is deprecated and will be removed in pg@9.0. Use async/await or an external async flow control mechanism instead.
(Use `node --trace-deprecation ...` to show where the warning was created)
(node:1709130) DeprecationWarning: Calling client.query() when the client is already executing a query is deprecated and will be removed in pg@9.0. Use async/await or an external async flow control mechanism instead.
(Use `node --trace-deprecation ...` to show where the warning was created)
(node:2024784) DeprecationWarning: Calling client.query() when the client is already executing a query is deprecated and will be removed in pg@9.0. Use async/await or an external async flow control mechanism instead.
(Use `node --trace-deprecation ...` to show where the warning was created)
(node:2266764) DeprecationWarning: Calling client.query() when the client is already executing a query is deprecated and will be removed in pg@9.0. Use async/await or an external async flow control mechanism instead.
(Use `node --trace-deprecation ...` to show where the warning was created)
(node:2294671) DeprecationWarning: Calling client.query() when the client is already executing a query is deprecated and will be removed in pg@9.0. Use async/await or an external async flow control mechanism instead.
(Use `node --trace-deprecation ...` to show where the warning was created)
(node:2318814) DeprecationWarning: Calling client.query() when the client is already executing a query is deprecated and will be removed in pg@9.0. Use async/await or an external async flow control mechanism instead.
(Use `node --trace-deprecation ...` to show where the warning was created)
(node:2388533) DeprecationWarning: Calling client.query() when the client is already executing a query is deprecated and will be removed in pg@9.0. Use async/await or an external async flow control mechanism instead.
(Use `node --trace-deprecation ...` to show where the warning was created)
(node:2520146) DeprecationWarning: Calling client.query() when the client is already executing a query is deprecated and will be removed in pg@9.0. Use async/await or an external async flow control mechanism instead.
(Use `node --trace-deprecation ...` to show where the warning was created)
{"timestamp":"2026-08-23T08:38:59.030Z","level":"error","service":"forum-api","event":"http.request.failed","requestId":"90790a8f-9391-47e0-8dcc-89129312745c","errorName":"error","errorCode":"42804"}
{"timestamp":"2026-08-23T08:38:59.030Z","level":"error","service":"forum-api","event":"http.request.completed","requestId":"90790a8f-9391-47e0-8dcc-89129312745c","method":"DELETE","area":"admin","statusCode":500,"durationMs":8}
{"timestamp":"2026-08-23T08:39:41.704Z","level":"error","service":"forum-api","event":"http.request.failed","requestId":"1c9634a5-2dc9-4b04-9e07-4c8e02f10079","errorName":"error","errorCode":"42804"}
{"timestamp":"2026-08-23T08:39:41.704Z","level":"error","service":"forum-api","event":"http.request.completed","requestId":"1c9634a5-2dc9-4b04-9e07-4c8e02f10079","method":"DELETE","area":"admin","statusCode":500,"durationMs":6}
(node:2669941) DeprecationWarning: Calling client.query() when the client is already executing a query is deprecated and will be removed in pg@9.0. Use async/await or an external async flow control mechanism instead.
(Use `node --trace-deprecation ...` to show where the warning was created)
(node:2810132) DeprecationWarning: Calling client.query() when the client is already executing a query is deprecated and will be removed in pg@9.0. Use async/await or an external async flow control mechanism instead.
(Use `node --trace-deprecation ...` to show where the warning was created)
(node:2989519) DeprecationWarning: Calling client.query() when the client is already executing a query is deprecated and will be removed in pg@9.0. Use async/await or an external async flow control mechanism instead.
(Use `node --trace-deprecation ...` to show where the warning was created)
(node:3125245) DeprecationWarning: Calling client.query() when the client is already executing a query is deprecated and will be removed in pg@9.0. Use async/await or an external async flow control mechanism instead.
(Use `node --trace-deprecation ...` to show where the warning was created)
(node:3173709) DeprecationWarning: Calling client.query() when the client is already executing a query is deprecated and will be removed in pg@9.0. Use async/await or an external async flow control mechanism instead.
(Use `node --trace-deprecation ...` to show where the warning was created)
(node:3202766) DeprecationWarning: Calling client.query() when the client is already executing a query is deprecated and will be removed in pg@9.0. Use async/await or an external async flow control mechanism instead.
(Use `node --trace-deprecation ...` to show where the warning was created)
(node:3309007) DeprecationWarning: Calling client.query() when the client is already executing a query is deprecated and will be removed in pg@9.0. Use async/await or an external async flow control mechanism instead.
(Use `node --trace-deprecation ...` to show where the warning was created)
(node:3432963) DeprecationWarning: Calling client.query() when the client is already executing a query is deprecated and will be removed in pg@9.0. Use async/await or an external async flow control mechanism instead.
(Use `node --trace-deprecation ...` to show where the warning was created)
(node:663095) DeprecationWarning: Calling client.query() when the client is already executing a query is deprecated and will be removed in pg@9.0. Use async/await or an external async flow control mechanism instead.
(Use `node --trace-deprecation ...` to show where the warning was created)
(node:708352) DeprecationWarning: Calling client.query() when the client is already executing a query is deprecated and will be removed in pg@9.0. Use async/await or an external async flow control mechanism instead.
(Use `node --trace-deprecation ...` to show where the warning was created)
{"timestamp":"2026-08-23T17:27:57.445Z","level":"error","service":"forum-api","event":"http.request.aborted","requestId":"08482981-0795-47cc-88f6-2fd9b5bfe647","method":"GET","area":"static","statusCode":200,"durationMs":5}
{"timestamp":"2026-08-23T17:27:57.447Z","level":"error","service":"forum-api","event":"http.request.aborted","requestId":"b8af8fd8-85eb-4774-aea3-60bcee5e6b02","method":"GET","area":"static","statusCode":200,"durationMs":6}
{"timestamp":"2026-08-23T17:27:57.447Z","level":"error","service":"forum-api","event":"http.request.aborted","requestId":"4ee276c7-edf9-4560-9e04-4178e34658d2","method":"GET","area":"static","statusCode":200,"durationMs":0}
{"timestamp":"2026-08-23T17:27:57.447Z","level":"error","service":"forum-api","event":"http.request.aborted","requestId":"8a8e7f3a-669d-457c-ba6f-e2128ca1675c","method":"GET","area":"static","statusCode":200,"durationMs":4}
{"timestamp":"2026-08-23T17:27:57.447Z","level":"error","service":"forum-api","event":"http.request.aborted","requestId":"d5c7e790-1312-4657-930f-7ab8b8fd8650","method":"GET","area":"static","statusCode":200,"durationMs":5}
{"timestamp":"2026-08-23T17:27:57.448Z","level":"error","service":"forum-api","event":"http.request.aborted","requestId":"c0e8500d-d63a-41f9-889b-e81e1d99a5d1","method":"GET","area":"static","statusCode":200,"durationMs":0}
{"timestamp":"2026-08-23T17:27:57.449Z","level":"error","service":"forum-api","event":"http.request.aborted","requestId":"c96d5c8a-ba58-4b96-aa89-02b6c383db3a","method":"GET","area":"static","statusCode":200,"durationMs":0}
{"timestamp":"2026-08-23T17:27:57.450Z","level":"error","service":"forum-api","event":"http.request.aborted","requestId":"5a17f6df-5794-445a-8dab-8d0024174a6a","method":"GET","area":"static","statusCode":200,"durationMs":0}
{"timestamp":"2026-08-23T17:27:57.451Z","level":"error","service":"forum-api","event":"http.request.aborted","requestId":"93010f24-51a9-47d9-a48d-fa47263b0657","method":"GET","area":"static","statusCode":200,"durationMs":1}
{"timestamp":"2026-08-23T17:27:57.451Z","level":"error","service":"forum-api","event":"http.request.aborted","requestId":"d4a53680-b9cb-43cd-b049-0d41e9d7ea14","method":"GET","area":"static","statusCode":200,"durationMs":0}
(node:1433124) DeprecationWarning: Calling client.query() when the client is already executing a query is deprecated and will be removed in pg@9.0. Use async/await or an external async flow control mechanism instead.
(Use `node --trace-deprecation ...` to show where the warning was created)
{"timestamp":"2026-08-23T18:50:01.775Z","level":"error","service":"forum-api","event":"http.request.aborted","requestId":"96fa1fd0-626a-45ad-85a3-a93be704f4cc","method":"GET","area":"account","statusCode":200,"durationMs":5}
{"timestamp":"2026-08-23T18:50:01.776Z","level":"error","service":"forum-api","event":"http.request.aborted","requestId":"9b067da1-cc21-44db-937d-dfe7bcaac5ac","method":"GET","area":"account","statusCode":200,"durationMs":6}
{"timestamp":"2026-08-23T18:50:01.776Z","level":"error","service":"forum-api","event":"http.request.aborted","requestId":"0ccd95d2-e5cd-4cd8-b4a1-689c5946a1b9","method":"GET","area":"account","statusCode":200,"durationMs":8}
{"timestamp":"2026-08-23T18:50:01.776Z","level":"error","service":"forum-api","event":"http.request.aborted","requestId":"6373a212-8315-4428-a084-68a20b95a89a","method":"GET","area":"account","statusCode":200,"durationMs":7}
(node:1559794) DeprecationWarning: Calling client.query() when the client is already executing a query is deprecated and will be removed in pg@9.0. Use async/await or an external async flow control mechanism instead.
(Use `node --trace-deprecation ...` to show where the warning was created)
(node:1634288) DeprecationWarning: Calling client.query() when the client is already executing a query is deprecated and will be removed in pg@9.0. Use async/await or an external async flow control mechanism instead.
(Use `node --trace-deprecation ...` to show where the warning was created)
(node:1707272) DeprecationWarning: Calling client.query() when the client is already executing a query is deprecated and will be removed in pg@9.0. Use async/await or an external async flow control mechanism instead.
(Use `node --trace-deprecation ...` to show where the warning was created)
(node:1764852) DeprecationWarning: Calling client.query() when the client is already executing a query is deprecated and will be removed in pg@9.0. Use async/await or an external async flow control mechanism instead.
(Use `node --trace-deprecation ...` to show where the warning was created)
(node:2280741) DeprecationWarning: Calling client.query() when the client is already executing a query is deprecated and will be removed in pg@9.0. Use async/await or an external async flow control mechanism instead.
(Use `node --trace-deprecation ...` to show where the warning was created)
(node:2775454) DeprecationWarning: Calling client.query() when the client is already executing a query is deprecated and will be removed in pg@9.0. Use async/await or an external async flow control mechanism instead.
(Use `node --trace-deprecation ...` to show where the warning was created)
(node:3000525) DeprecationWarning: Calling client.query() when the client is already executing a query is deprecated and will be removed in pg@9.0. Use async/await or an external async flow control mechanism instead.
(Use `node --trace-deprecation ...` to show where the warning was created)
(node:3464008) DeprecationWarning: Calling client.query() when the client is already executing a query is deprecated and will be removed in pg@9.0. Use async/await or an external async flow control mechanism instead.
(Use `node --trace-deprecation ...` to show where the warning was created)
(node:3470321) DeprecationWarning: Calling client.query() when the client is already executing a query is deprecated and will be removed in pg@9.0. Use async/await or an external async flow control mechanism instead.
(Use `node --trace-deprecation ...` to show where the warning was created)
(node:3899627) DeprecationWarning: Calling client.query() when the client is already executing a query is deprecated and will be removed in pg@9.0. Use async/await or an external async flow control mechanism instead.
(Use `node --trace-deprecation ...` to show where the warning was created)
(node:3955274) DeprecationWarning: Calling client.query() when the client is already executing a query is deprecated and will be removed in pg@9.0. Use async/await or an external async flow control mechanism instead.
(Use `node --trace-deprecation ...` to show where the warning was created)
(node:183255) DeprecationWarning: Calling client.query() when the client is already executing a query is deprecated and will be removed in pg@9.0. Use async/await or an external async flow control mechanism instead.
(Use `node --trace-deprecation ...` to show where the warning was created)
(node:313506) DeprecationWarning: Calling client.query() when the client is already executing a query is deprecated and will be removed in pg@9.0. Use async/await or an external async flow control mechanism instead.
(Use `node --trace-deprecation ...` to show where the warning was created)
{"timestamp":"2026-08-24T04:36:03.383Z","level":"error","service":"forum-api","event":"http.request.aborted","requestId":"b38968d1-ef59-4ad1-b7cd-02b0a9be2712","method":"GET","area":"notifications","statusCode":200,"durationMs":4}
(node:475667) DeprecationWarning: Calling client.query() when the client is already executing a query is deprecated and will be removed in pg@9.0. Use async/await or an external async flow control mechanism instead.
(Use `node --trace-deprecation ...` to show where the warning was created)
{"timestamp":"2026-08-24T04:49:40.376Z","level":"error","service":"forum-api","event":"http.request.aborted","requestId":"2441417a-e624-465a-b028-c29b11a17fec","method":"GET","area":"forum","statusCode":200,"durationMs":4}
(node:576089) DeprecationWarning: Calling client.query() when the client is already executing a query is deprecated and will be removed in pg@9.0. Use async/await or an external async flow control mechanism instead.
(Use `node --trace-deprecation ...` to show where the warning was created)
(node:614399) DeprecationWarning: Calling client.query() when the client is already executing a query is deprecated and will be removed in pg@9.0. Use async/await or an external async flow control mechanism instead.
(Use `node --trace-deprecation ...` to show where the warning was created)
{"timestamp":"2026-08-24T05:05:18.351Z","level":"error","service":"forum-api","event":"http.request.aborted","requestId":"4b9975cb-3676-463e-8e60-1ebdc79a3a94","method":"GET","area":"notifications","statusCode":200,"durationMs":5}
(node:1365445) DeprecationWarning: Calling client.query() when the client is already executing a query is deprecated and will be removed in pg@9.0. Use async/await or an external async flow control mechanism instead.
(Use `node --trace-deprecation ...` to show where the warning was created)
(node:1898384) DeprecationWarning: Calling client.query() when the client is already executing a query is deprecated and will be removed in pg@9.0. Use async/await or an external async flow control mechanism instead.
(Use `node --trace-deprecation ...` to show where the warning was created)
(node:3158308) DeprecationWarning: Calling client.query() when the client is already executing a query is deprecated and will be removed in pg@9.0. Use async/await or an external async flow control mechanism instead.
(Use `node --trace-deprecation ...` to show where the warning was created)
(node:3206237) DeprecationWarning: Calling client.query() when the client is already executing a query is deprecated and will be removed in pg@9.0. Use async/await or an external async flow control mechanism instead.
(Use `node --trace-deprecation ...` to show where the warning was created)
(node:3713167) DeprecationWarning: Calling client.query() when the client is already executing a query is deprecated and will be removed in pg@9.0. Use async/await or an external async flow control mechanism instead.
(Use `node --trace-deprecation ...` to show where the warning was created)
(node:1977289) DeprecationWarning: Calling client.query() when the client is already executing a query is deprecated and will be removed in pg@9.0. Use async/await or an external async flow control mechanism instead.
(Use `node --trace-deprecation ...` to show where the warning was created)
(node:2168329) DeprecationWarning: Calling client.query() when the client is already executing a query is deprecated and will be removed in pg@9.0. Use async/await or an external async flow control mechanism instead.
(Use `node --trace-deprecation ...` to show where the warning was created)
(node:3775647) DeprecationWarning: Calling client.query() when the client is already executing a query is deprecated and will be removed in pg@9.0. Use async/await or an external async flow control mechanism instead.
(Use `node --trace-deprecation ...` to show where the warning was created)
(node:1346955) DeprecationWarning: Calling client.query() when the client is already executing a query is deprecated and will be removed in pg@9.0. Use async/await or an external async flow control mechanism instead.
(Use `node --trace-deprecation ...` to show where the warning was created)
(node:4131831) DeprecationWarning: Calling client.query() when the client is already executing a query is deprecated and will be removed in pg@9.0. Use async/await or an external async flow control mechanism instead.
(Use `node --trace-deprecation ...` to show where the warning was created)
(node:3580180) DeprecationWarning: Calling client.query() when the client is already executing a query is deprecated and will be removed in pg@9.0. Use async/await or an external async flow control mechanism instead.
(Use `node --trace-deprecation ...` to show where the warning was created)
{"timestamp":"2026-08-27T22:38:50.218Z","level":"error","service":"forum-api","event":"http.request.aborted","requestId":"9a18c128-b633-4ab5-a494-31fbd0d4a093","method":"GET","area":"static","statusCode":200,"durationMs":2}
{"timestamp":"2026-08-27T22:38:50.219Z","level":"error","service":"forum-api","event":"http.request.aborted","requestId":"5805873e-4cea-4142-afe7-0d2defdc2cc9","method":"GET","area":"static","statusCode":200,"durationMs":3}
{"timestamp":"2026-08-27T22:38:50.219Z","level":"error","service":"forum-api","event":"http.request.aborted","requestId":"f95896c4-12b2-42af-bd64-c5814475a95f","method":"GET","area":"static","statusCode":200,"durationMs":2}
(node:2767341) DeprecationWarning: Calling client.query() when the client is already executing a query is deprecated and will be removed in pg@9.0. Use async/await or an external async flow control mechanism instead.
(Use `node --trace-deprecation ...` to show where the warning was created)
