0 verbose cli /opt/alt/alt-nodejs22/root/usr/bin/node /opt/alt/alt-nodejs22/root/usr/bin/npm
1 info using npm@10.9.8
2 info using node@v22.23.2
3 silly config load:file:/opt/alt/alt-nodejs22/root/usr/lib/node_modules/npm/npmrc
4 silly config load:file:/home/roriwalr/forum-staging/.stage-39af2c9/.runtime/.npmrc
5 silly config load:file:/home/roriwalr/.npmrc
6 silly config load:file:/home/roriwalr/forum-staging/.stage-39af2c9/.runtime/etc/npmrc
7 verbose title npm install web-push@3.6.7
8 verbose argv "install" "--prefix" "/home/roriwalr/forum-staging/.stage-39af2c9/.runtime" "--omit" "dev" "--ignore-scripts" "--no-save" "--no-package-lock" "--install-strategy" "nested" "web-push@3.6.7"
9 verbose logfile logs-max:10 dir:/home/roriwalr/.npm/_logs/2026-08-20T13_09_50_207Z-
10 verbose logfile /home/roriwalr/.npm/_logs/2026-08-20T13_09_50_207Z-debug-0.log
11 silly logfile done cleaning log files
12 silly packumentCache heap:4345298944 maxSize:1086324736 maxEntrySize:543162368
13 silly idealTree buildDeps
14 silly fetch manifest web-push@3.6.7
15 silly packumentCache full:https://registry.npmjs.org/web-push cache-miss
16 http fetch GET 200 https://registry.npmjs.org/web-push 83ms (cache miss)
17 silly packumentCache full:https://registry.npmjs.org/web-push set size:undefined disposed:false
18 silly placeDep ROOT web-push@3.6.7 OK for:  want: 3.6.7
19 silly fetch manifest asn1.js@^5.3.0
20 silly packumentCache full:https://registry.npmjs.org/asn1.js cache-miss
21 silly fetch manifest http_ece@1.2.0
22 silly packumentCache full:https://registry.npmjs.org/http_ece cache-miss
23 silly fetch manifest https-proxy-agent@^7.0.0
24 silly packumentCache full:https://registry.npmjs.org/https-proxy-agent cache-miss
25 silly fetch manifest jws@^4.0.0
26 silly packumentCache full:https://registry.npmjs.org/jws cache-miss
27 silly fetch manifest minimist@^1.2.5
28 silly packumentCache full:https://registry.npmjs.org/minimist cache-miss
29 http fetch GET 200 https://registry.npmjs.org/asn1.js 38ms (cache miss)
30 silly packumentCache full:https://registry.npmjs.org/asn1.js set size:undefined disposed:false
31 http fetch GET 200 https://registry.npmjs.org/https-proxy-agent 55ms (cache revalidated)
32 silly packumentCache full:https://registry.npmjs.org/https-proxy-agent set size:83792 disposed:false
33 http fetch GET 200 https://registry.npmjs.org/jws 60ms (cache miss)
34 silly packumentCache full:https://registry.npmjs.org/jws set size:undefined disposed:false
35 http fetch GET 200 https://registry.npmjs.org/http_ece 64ms (cache miss)
36 silly packumentCache full:https://registry.npmjs.org/http_ece set size:undefined disposed:false
37 http fetch GET 200 https://registry.npmjs.org/minimist 63ms (cache revalidated)
38 silly packumentCache full:https://registry.npmjs.org/minimist set size:77063 disposed:false
39 silly placeDep node_modules/web-push asn1.js@5.4.1 OK for: web-push@3.6.7 want: ^5.3.0
40 silly placeDep node_modules/web-push http_ece@1.2.0 OK for: web-push@3.6.7 want: 1.2.0
41 silly placeDep node_modules/web-push https-proxy-agent@7.0.6 OK for: web-push@3.6.7 want: ^7.0.0
42 silly placeDep node_modules/web-push jws@4.0.1 OK for: web-push@3.6.7 want: ^4.0.0
43 silly placeDep node_modules/web-push minimist@1.2.8 OK for: web-push@3.6.7 want: ^1.2.5
44 silly fetch manifest bn.js@^4.0.0
45 silly packumentCache full:https://registry.npmjs.org/bn.js cache-miss
46 silly fetch manifest inherits@^2.0.1
47 silly packumentCache full:https://registry.npmjs.org/inherits cache-miss
48 silly fetch manifest minimalistic-assert@^1.0.0
49 silly packumentCache full:https://registry.npmjs.org/minimalistic-assert cache-miss
50 silly fetch manifest safer-buffer@^2.1.0
51 silly packumentCache full:https://registry.npmjs.org/safer-buffer cache-miss
52 silly fetch manifest debug@4
53 silly packumentCache full:https://registry.npmjs.org/debug cache-miss
54 silly fetch manifest agent-base@^7.1.2
55 silly packumentCache full:https://registry.npmjs.org/agent-base cache-miss
56 silly fetch manifest jwa@^2.0.1
57 silly packumentCache full:https://registry.npmjs.org/jwa cache-miss
58 silly fetch manifest safe-buffer@^5.0.1
59 silly packumentCache full:https://registry.npmjs.org/safe-buffer cache-miss
60 http fetch GET 200 https://registry.npmjs.org/inherits 44ms (cache revalidated)
61 silly packumentCache full:https://registry.npmjs.org/inherits set size:12925 disposed:false
62 http fetch GET 200 https://registry.npmjs.org/minimalistic-assert 45ms (cache miss)
63 silly packumentCache full:https://registry.npmjs.org/minimalistic-assert set size:undefined disposed:false
64 http fetch GET 200 https://registry.npmjs.org/safer-buffer 46ms (cache miss)
65 silly packumentCache full:https://registry.npmjs.org/safer-buffer set size:undefined disposed:false
66 http fetch GET 200 https://registry.npmjs.org/jwa 47ms (cache miss)
67 silly packumentCache full:https://registry.npmjs.org/jwa set size:undefined disposed:false
68 http fetch GET 200 https://registry.npmjs.org/bn.js 52ms (cache miss)
69 silly packumentCache full:https://registry.npmjs.org/bn.js set size:undefined disposed:false
70 http fetch GET 200 https://registry.npmjs.org/agent-base 53ms (cache revalidated)
71 silly packumentCache full:https://registry.npmjs.org/agent-base set size:72085 disposed:false
72 http fetch GET 200 https://registry.npmjs.org/safe-buffer 55ms (cache revalidated)
73 silly packumentCache full:https://registry.npmjs.org/safe-buffer set size:41183 disposed:false
74 http fetch GET 200 https://registry.npmjs.org/debug 57ms (cache revalidated)
75 silly packumentCache full:https://registry.npmjs.org/debug set size:195840 disposed:false
76 silly placeDep node_modules/web-push/node_modules/asn1.js bn.js@4.12.5 OK for: asn1.js@5.4.1 want: ^4.0.0
77 silly placeDep node_modules/web-push/node_modules/asn1.js inherits@2.0.4 OK for: asn1.js@5.4.1 want: ^2.0.1
78 silly placeDep node_modules/web-push/node_modules/asn1.js minimalistic-assert@1.0.1 OK for: asn1.js@5.4.1 want: ^1.0.0
79 silly placeDep node_modules/web-push/node_modules/asn1.js safer-buffer@2.1.2 OK for: asn1.js@5.4.1 want: ^2.1.0
80 silly placeDep node_modules/web-push/node_modules/https-proxy-agent agent-base@7.1.4 OK for: https-proxy-agent@7.0.6 want: ^7.1.2
81 silly placeDep node_modules/web-push/node_modules/https-proxy-agent debug@4.4.3 OK for: https-proxy-agent@7.0.6 want: 4
82 silly fetch manifest ms@^2.1.3
83 silly packumentCache full:https://registry.npmjs.org/ms cache-miss
84 http fetch GET 200 https://registry.npmjs.org/ms 15ms (cache revalidated)
85 silly packumentCache full:https://registry.npmjs.org/ms set size:92208 disposed:false
86 silly placeDep node_modules/web-push/node_modules/jws jwa@2.0.1 OK for: jws@4.0.1 want: ^2.0.1
87 silly placeDep node_modules/web-push/node_modules/jws safe-buffer@5.2.1 OK for: jws@4.0.1 want: ^5.0.1
88 silly fetch manifest ecdsa-sig-formatter@1.0.11
89 silly packumentCache full:https://registry.npmjs.org/ecdsa-sig-formatter cache-miss
90 silly fetch manifest buffer-equal-constant-time@^1.0.1
91 silly packumentCache full:https://registry.npmjs.org/buffer-equal-constant-time cache-miss
92 http fetch GET 200 https://registry.npmjs.org/buffer-equal-constant-time 21ms (cache miss)
93 silly packumentCache full:https://registry.npmjs.org/buffer-equal-constant-time set size:undefined disposed:false
94 http fetch GET 200 https://registry.npmjs.org/ecdsa-sig-formatter 22ms (cache miss)
95 silly packumentCache full:https://registry.npmjs.org/ecdsa-sig-formatter set size:undefined disposed:false
96 silly placeDep node_modules/web-push/node_modules/https-proxy-agent/node_modules/debug ms@2.1.3 OK for: debug@4.4.3 want: ^2.1.3
97 silly placeDep node_modules/web-push/node_modules/jws/node_modules/jwa buffer-equal-constant-time@1.0.1 OK for: jwa@2.0.1 want: ^1.0.1
98 silly placeDep node_modules/web-push/node_modules/jws/node_modules/jwa ecdsa-sig-formatter@1.0.11 OK for: jwa@2.0.1 want: 1.0.11
99 silly reify moves {}
100 http cache web-push@https://registry.npmjs.org/web-push/-/web-push-3.6.7.tgz 0ms (cache hit)
101 http cache minimist@https://registry.npmjs.org/minimist/-/minimist-1.2.8.tgz 0ms (cache hit)
102 http cache jws@https://registry.npmjs.org/jws/-/jws-4.0.1.tgz 0ms (cache hit)
103 http cache safe-buffer@https://registry.npmjs.org/safe-buffer/-/safe-buffer-5.2.1.tgz 0ms (cache hit)
104 http cache jwa@https://registry.npmjs.org/jwa/-/jwa-2.0.1.tgz 1ms (cache hit)
105 http cache ecdsa-sig-formatter@https://registry.npmjs.org/ecdsa-sig-formatter/-/ecdsa-sig-formatter-1.0.11.tgz 0ms (cache hit)
106 http cache https-proxy-agent@https://registry.npmjs.org/https-proxy-agent/-/https-proxy-agent-7.0.6.tgz 0ms (cache hit)
107 http cache debug@https://registry.npmjs.org/debug/-/debug-4.4.3.tgz 0ms (cache hit)
108 http cache buffer-equal-constant-time@https://registry.npmjs.org/buffer-equal-constant-time/-/buffer-equal-constant-time-1.0.1.tgz 0ms (cache hit)
109 http cache asn1.js@https://registry.npmjs.org/asn1.js/-/asn1.js-5.4.1.tgz 0ms (cache hit)
110 http cache agent-base@https://registry.npmjs.org/agent-base/-/agent-base-7.1.4.tgz 0ms (cache hit)
111 http cache ms@https://registry.npmjs.org/ms/-/ms-2.1.3.tgz 0ms (cache hit)
112 http cache http_ece@https://registry.npmjs.org/http_ece/-/http_ece-1.2.0.tgz 0ms (cache hit)
113 http cache safer-buffer@https://registry.npmjs.org/safer-buffer/-/safer-buffer-2.1.2.tgz 0ms (cache hit)
114 http cache minimalistic-assert@https://registry.npmjs.org/minimalistic-assert/-/minimalistic-assert-1.0.1.tgz 0ms (cache hit)
115 http cache inherits@https://registry.npmjs.org/inherits/-/inherits-2.0.4.tgz 0ms (cache hit)
116 http cache bn.js@https://registry.npmjs.org/bn.js/-/bn.js-4.12.5.tgz 0ms (cache hit)
117 silly tarball no local data for web-push@https://registry.npmjs.org/web-push/-/web-push-3.6.7.tgz. Extracting by manifest.
118 silly tarball no local data for minimist@https://registry.npmjs.org/minimist/-/minimist-1.2.8.tgz. Extracting by manifest.
119 silly tarball no local data for jws@https://registry.npmjs.org/jws/-/jws-4.0.1.tgz. Extracting by manifest.
120 silly tarball no local data for safe-buffer@https://registry.npmjs.org/safe-buffer/-/safe-buffer-5.2.1.tgz. Extracting by manifest.
121 silly tarball no local data for jwa@https://registry.npmjs.org/jwa/-/jwa-2.0.1.tgz. Extracting by manifest.
122 silly tarball no local data for ecdsa-sig-formatter@https://registry.npmjs.org/ecdsa-sig-formatter/-/ecdsa-sig-formatter-1.0.11.tgz. Extracting by manifest.
123 silly tarball no local data for https-proxy-agent@https://registry.npmjs.org/https-proxy-agent/-/https-proxy-agent-7.0.6.tgz. Extracting by manifest.
124 silly tarball no local data for buffer-equal-constant-time@https://registry.npmjs.org/buffer-equal-constant-time/-/buffer-equal-constant-time-1.0.1.tgz. Extracting by manifest.
125 silly tarball no local data for asn1.js@https://registry.npmjs.org/asn1.js/-/asn1.js-5.4.1.tgz. Extracting by manifest.
126 silly tarball no local data for agent-base@https://registry.npmjs.org/agent-base/-/agent-base-7.1.4.tgz. Extracting by manifest.
127 silly tarball no local data for safer-buffer@https://registry.npmjs.org/safer-buffer/-/safer-buffer-2.1.2.tgz. Extracting by manifest.
128 silly tarball no local data for http_ece@https://registry.npmjs.org/http_ece/-/http_ece-1.2.0.tgz. Extracting by manifest.
129 silly tarball no local data for minimalistic-assert@https://registry.npmjs.org/minimalistic-assert/-/minimalistic-assert-1.0.1.tgz. Extracting by manifest.
130 silly tarball no local data for bn.js@https://registry.npmjs.org/bn.js/-/bn.js-4.12.5.tgz. Extracting by manifest.
131 silly tarball no local data for inherits@https://registry.npmjs.org/inherits/-/inherits-2.0.4.tgz. Extracting by manifest.
132 http fetch GET 200 https://registry.npmjs.org/ecdsa-sig-formatter/-/ecdsa-sig-formatter-1.0.11.tgz 95ms (cache miss)
133 http fetch GET 200 https://registry.npmjs.org/jwa/-/jwa-2.0.1.tgz 104ms (cache miss)
134 http fetch GET 200 https://registry.npmjs.org/buffer-equal-constant-time/-/buffer-equal-constant-time-1.0.1.tgz 103ms (cache miss)
135 http fetch GET 200 https://registry.npmjs.org/safe-buffer/-/safe-buffer-5.2.1.tgz 112ms (cache miss)
136 http fetch GET 200 https://registry.npmjs.org/minimalistic-assert/-/minimalistic-assert-1.0.1.tgz 114ms (cache miss)
137 http fetch GET 200 https://registry.npmjs.org/http_ece/-/http_ece-1.2.0.tgz 116ms (cache miss)
138 http fetch GET 200 https://registry.npmjs.org/inherits/-/inherits-2.0.4.tgz 115ms (cache miss)
139 http fetch GET 200 https://registry.npmjs.org/jws/-/jws-4.0.1.tgz 122ms (cache miss)
140 http fetch GET 200 https://registry.npmjs.org/safer-buffer/-/safer-buffer-2.1.2.tgz 125ms (cache miss)
141 http fetch GET 200 https://registry.npmjs.org/bn.js/-/bn.js-4.12.5.tgz 125ms (cache miss)
142 http fetch GET 200 https://registry.npmjs.org/https-proxy-agent/-/https-proxy-agent-7.0.6.tgz 131ms (cache miss)
143 http fetch GET 200 https://registry.npmjs.org/web-push/-/web-push-3.6.7.tgz 136ms (cache miss)
144 http fetch GET 200 https://registry.npmjs.org/agent-base/-/agent-base-7.1.4.tgz 135ms (cache miss)
145 http fetch GET 200 https://registry.npmjs.org/minimist/-/minimist-1.2.8.tgz 145ms (cache miss)
146 http fetch GET 200 https://registry.npmjs.org/asn1.js/-/asn1.js-5.4.1.tgz 147ms (cache miss)
147 silly ADD node_modules/web-push
148 silly ADD node_modules/web-push/node_modules/minimist
149 silly ADD node_modules/web-push/node_modules/jws
150 silly ADD node_modules/web-push/node_modules/jws/node_modules/safe-buffer
151 silly ADD node_modules/web-push/node_modules/jws/node_modules/jwa
152 silly ADD node_modules/web-push/node_modules/jws/node_modules/jwa/node_modules/ecdsa-sig-formatter
153 silly ADD node_modules/web-push/node_modules/jws/node_modules/jwa/node_modules/buffer-equal-constant-time
154 silly ADD node_modules/web-push/node_modules/https-proxy-agent
155 silly ADD node_modules/web-push/node_modules/https-proxy-agent/node_modules/debug
156 silly ADD node_modules/web-push/node_modules/https-proxy-agent/node_modules/debug/node_modules/ms
157 silly ADD node_modules/web-push/node_modules/https-proxy-agent/node_modules/agent-base
158 silly ADD node_modules/web-push/node_modules/http_ece
159 silly ADD node_modules/web-push/node_modules/asn1.js
160 silly ADD node_modules/web-push/node_modules/asn1.js/node_modules/safer-buffer
161 silly ADD node_modules/web-push/node_modules/asn1.js/node_modules/minimalistic-assert
162 silly ADD node_modules/web-push/node_modules/asn1.js/node_modules/inherits
163 silly ADD node_modules/web-push/node_modules/asn1.js/node_modules/bn.js
164 verbose cwd /home/roriwalr/forum-staging
165 verbose os Linux 5.14.0-611.49.1.el9_7.x86_64
166 verbose node v22.23.2
167 verbose npm  v10.9.8
168 verbose exit 0
169 info ok
